// Validating benchmarks:
// ***** BenchmarkRunner: Start   *****
// ***** Found 12 benchmark(s) in total *****
// ***** Building 1 exe(s) in Parallel: Start   *****
// start dotnet  restore /p:UseSharedCompilation=false /p:BuildInParallel=false /m:1 /p:Deterministic=true /p:Optimize=true /p:IntermediateOutputPath="C:\Users\Angel\RiderProjects\PlaxionMediator\benchmarks-comparison\src\Plaxion.BenchMarks.Comparison\bin\Release\net9.0\75eae0ed-1a77-4068-8b2f-9ca56e3af939\obj\Release\net9.0/" /p:OutDir="C:\Users\Angel\RiderProjects\PlaxionMediator\benchmarks-comparison\src\Plaxion.BenchMarks.Comparison\bin\Release\net9.0\75eae0ed-1a77-4068-8b2f-9ca56e3af939\bin\Release\net9.0/" /p:OutputPath="C:\Users\Angel\RiderProjects\PlaxionMediator\benchmarks-comparison\src\Plaxion.BenchMarks.Comparison\bin\Release\net9.0\75eae0ed-1a77-4068-8b2f-9ca56e3af939\bin\Release\net9.0/" in C:\Users\Angel\RiderProjects\PlaxionMediator\benchmarks-comparison\src\Plaxion.BenchMarks.Comparison\bin\Release\net9.0\75eae0ed-1a77-4068-8b2f-9ca56e3af939
// command took 1.12 sec and exited with 0
// start dotnet  build -c Release --no-restore /p:UseSharedCompilation=false /p:BuildInParallel=false /m:1 /p:Deterministic=true /p:Optimize=true /p:IntermediateOutputPath="C:\Users\Angel\RiderProjects\PlaxionMediator\benchmarks-comparison\src\Plaxion.BenchMarks.Comparison\bin\Release\net9.0\75eae0ed-1a77-4068-8b2f-9ca56e3af939\obj\Release\net9.0/" /p:OutDir="C:\Users\Angel\RiderProjects\PlaxionMediator\benchmarks-comparison\src\Plaxion.BenchMarks.Comparison\bin\Release\net9.0\75eae0ed-1a77-4068-8b2f-9ca56e3af939\bin\Release\net9.0/" /p:OutputPath="C:\Users\Angel\RiderProjects\PlaxionMediator\benchmarks-comparison\src\Plaxion.BenchMarks.Comparison\bin\Release\net9.0\75eae0ed-1a77-4068-8b2f-9ca56e3af939\bin\Release\net9.0/" --output "C:\Users\Angel\RiderProjects\PlaxionMediator\benchmarks-comparison\src\Plaxion.BenchMarks.Comparison\bin\Release\net9.0\75eae0ed-1a77-4068-8b2f-9ca56e3af939\bin\Release\net9.0/" in C:\Users\Angel\RiderProjects\PlaxionMediator\benchmarks-comparison\src\Plaxion.BenchMarks.Comparison\bin\Release\net9.0\75eae0ed-1a77-4068-8b2f-9ca56e3af939
// command took 18.06 sec and exited with 0
// ***** Done, took 00:00:19 (19.27 sec)   *****
// Found 12 benchmarks:
//   ConcurrencyBenchmarks.Concurrent_Plaxion_1: Dry(IterationCount=1, LaunchCount=1, RunStrategy=ColdStart, UnrollFactor=1, WarmupCount=1)
//   ConcurrencyBenchmarks.Concurrent_Plaxion_8: Dry(IterationCount=1, LaunchCount=1, RunStrategy=ColdStart, UnrollFactor=1, WarmupCount=1)
//   ConcurrencyBenchmarks.Concurrent_Plaxion_32: Dry(IterationCount=1, LaunchCount=1, RunStrategy=ColdStart, UnrollFactor=1, WarmupCount=1)
//   ConcurrencyBenchmarks.Concurrent_Plaxion_128: Dry(IterationCount=1, LaunchCount=1, RunStrategy=ColdStart, UnrollFactor=1, WarmupCount=1)
//   ConcurrencyBenchmarks.Concurrent_MediatR_1: Dry(IterationCount=1, LaunchCount=1, RunStrategy=ColdStart, UnrollFactor=1, WarmupCount=1)
//   ConcurrencyBenchmarks.Concurrent_MediatR_8: Dry(IterationCount=1, LaunchCount=1, RunStrategy=ColdStart, UnrollFactor=1, WarmupCount=1)
//   ConcurrencyBenchmarks.Concurrent_MediatR_32: Dry(IterationCount=1, LaunchCount=1, RunStrategy=ColdStart, UnrollFactor=1, WarmupCount=1)
//   ConcurrencyBenchmarks.Concurrent_MediatR_128: Dry(IterationCount=1, LaunchCount=1, RunStrategy=ColdStart, UnrollFactor=1, WarmupCount=1)
//   ConcurrencyBenchmarks.Concurrent_Mediator_1: Dry(IterationCount=1, LaunchCount=1, RunStrategy=ColdStart, UnrollFactor=1, WarmupCount=1)
//   ConcurrencyBenchmarks.Concurrent_Mediator_8: Dry(IterationCount=1, LaunchCount=1, RunStrategy=ColdStart, UnrollFactor=1, WarmupCount=1)
//   ConcurrencyBenchmarks.Concurrent_Mediator_32: Dry(IterationCount=1, LaunchCount=1, RunStrategy=ColdStart, UnrollFactor=1, WarmupCount=1)
//   ConcurrencyBenchmarks.Concurrent_Mediator_128: Dry(IterationCount=1, LaunchCount=1, RunStrategy=ColdStart, UnrollFactor=1, WarmupCount=1)

Setup power plan (GUID: 8c5e7fda-e8bf-4a96-9a85-a6e23a8c635c FriendlyName: High performance)
// **************************
// Benchmark: ConcurrencyBenchmarks.Concurrent_Plaxion_1: Dry(IterationCount=1, LaunchCount=1, RunStrategy=ColdStart, UnrollFactor=1, WarmupCount=1)
// *** Execute ***
// Launch: 1 / 1
// Execute: dotnet 75eae0ed-1a77-4068-8b2f-9ca56e3af939.dll --anonymousPipes 1952 3324 --benchmarkName Plaxion.BenchMarks.Comparison.ConcurrencyBenchmarks.Concurrent_Plaxion_1 --job Dry --benchmarkId 0 in C:\Users\Angel\RiderProjects\PlaxionMediator\benchmarks-comparison\src\Plaxion.BenchMarks.Comparison\bin\Release\net9.0\75eae0ed-1a77-4068-8b2f-9ca56e3af939\bin\Release\net9.0
// BeforeAnythingElse

// Benchmark Process Environment Information:
// BenchmarkDotNet v0.14.0
// Runtime=.NET 9.0.7 (9.0.725.31616), X64 RyuJIT AVX2
// GC=Concurrent Workstation
// HardwareIntrinsics=AVX2,AES,BMI1,BMI2,FMA,LZCNT,PCLMUL,POPCNT,AvxVnni,SERIALIZE VectorSize=256
// Job: Dry(IterationCount=1, LaunchCount=1, RunStrategy=ColdStart, UnrollFactor=1, WarmupCount=1)

// BeforeActualRun
WorkloadActual   1: 1 op, 3808400.00 ns, 3.8084 ms/op

// AfterActualRun
WorkloadResult   1: 1 op, 3808400.00 ns, 3.8084 ms/op
// GC:  0 0 0 2080 1
// Threading:  0 0 1

// AfterAll
// Benchmark Process 22932 has exited with code 0.

Mean = 3.808 ms, StdErr = 0.000 ms (0.00%), N = 1, StdDev = 0.000 ms
Min = 3.808 ms, Q1 = 3.808 ms, Median = 3.808 ms, Q3 = 3.808 ms, Max = 3.808 ms
IQR = 0.000 ms, LowerFence = 3.808 ms, UpperFence = 3.808 ms
ConfidenceInterval = [NaN ms; NaN ms] (CI 99.9%), Margin = NaN ms (NaN% of Mean)
Skewness = NaN, Kurtosis = NaN, MValue = 2

// ** Remained 11 (91.7%) benchmark(s) to run. Estimated finish 2026-08-03 11:25 (0h 0m from now) **
Setup power plan (GUID: 8c5e7fda-e8bf-4a96-9a85-a6e23a8c635c FriendlyName: High performance)
// **************************
// Benchmark: ConcurrencyBenchmarks.Concurrent_Plaxion_8: Dry(IterationCount=1, LaunchCount=1, RunStrategy=ColdStart, UnrollFactor=1, WarmupCount=1)
// *** Execute ***
// Launch: 1 / 1
// Execute: dotnet 75eae0ed-1a77-4068-8b2f-9ca56e3af939.dll --anonymousPipes 1948 3208 --benchmarkName Plaxion.BenchMarks.Comparison.ConcurrencyBenchmarks.Concurrent_Plaxion_8 --job Dry --benchmarkId 1 in C:\Users\Angel\RiderProjects\PlaxionMediator\benchmarks-comparison\src\Plaxion.BenchMarks.Comparison\bin\Release\net9.0\75eae0ed-1a77-4068-8b2f-9ca56e3af939\bin\Release\net9.0
// BeforeAnythingElse

// Benchmark Process Environment Information:
// BenchmarkDotNet v0.14.0
// Runtime=.NET 9.0.7 (9.0.725.31616), X64 RyuJIT AVX2
// GC=Concurrent Workstation
// HardwareIntrinsics=AVX2,AES,BMI1,BMI2,FMA,LZCNT,PCLMUL,POPCNT,AvxVnni,SERIALIZE VectorSize=256
// Job: Dry(IterationCount=1, LaunchCount=1, RunStrategy=ColdStart, UnrollFactor=1, WarmupCount=1)

// BeforeActualRun
WorkloadActual   1: 1 op, 4773900.00 ns, 4.7739 ms/op

// AfterActualRun
WorkloadResult   1: 1 op, 4773900.00 ns, 4.7739 ms/op
// GC:  0 0 0 1472 1
// Threading:  0 0 1

// AfterAll
// Benchmark Process 15456 has exited with code 0.

Mean = 4.774 ms, StdErr = 0.000 ms (0.00%), N = 1, StdDev = 0.000 ms
Min = 4.774 ms, Q1 = 4.774 ms, Median = 4.774 ms, Q3 = 4.774 ms, Max = 4.774 ms
IQR = 0.000 ms, LowerFence = 4.774 ms, UpperFence = 4.774 ms
ConfidenceInterval = [NaN ms; NaN ms] (CI 99.9%), Margin = NaN ms (NaN% of Mean)
Skewness = NaN, Kurtosis = NaN, MValue = 2

// ** Remained 10 (83.3%) benchmark(s) to run. Estimated finish 2026-08-03 11:25 (0h 0m from now) **
Setup power plan (GUID: 8c5e7fda-e8bf-4a96-9a85-a6e23a8c635c FriendlyName: High performance)
// **************************
// Benchmark: ConcurrencyBenchmarks.Concurrent_Plaxion_32: Dry(IterationCount=1, LaunchCount=1, RunStrategy=ColdStart, UnrollFactor=1, WarmupCount=1)
// *** Execute ***
// Launch: 1 / 1
// Execute: dotnet 75eae0ed-1a77-4068-8b2f-9ca56e3af939.dll --anonymousPipes 3272 3420 --benchmarkName Plaxion.BenchMarks.Comparison.ConcurrencyBenchmarks.Concurrent_Plaxion_32 --job Dry --benchmarkId 2 in C:\Users\Angel\RiderProjects\PlaxionMediator\benchmarks-comparison\src\Plaxion.BenchMarks.Comparison\bin\Release\net9.0\75eae0ed-1a77-4068-8b2f-9ca56e3af939\bin\Release\net9.0
// BeforeAnythingElse

// Benchmark Process Environment Information:
// BenchmarkDotNet v0.14.0
// Runtime=.NET 9.0.7 (9.0.725.31616), X64 RyuJIT AVX2
// GC=Concurrent Workstation
// HardwareIntrinsics=AVX2,AES,BMI1,BMI2,FMA,LZCNT,PCLMUL,POPCNT,AvxVnni,SERIALIZE VectorSize=256
// Job: Dry(IterationCount=1, LaunchCount=1, RunStrategy=ColdStart, UnrollFactor=1, WarmupCount=1)

// BeforeActualRun
WorkloadActual   1: 1 op, 4396800.00 ns, 4.3968 ms/op

// AfterActualRun
WorkloadResult   1: 1 op, 4396800.00 ns, 4.3968 ms/op
// GC:  0 0 0 3680 1
// Threading:  0 0 1

// AfterAll
// Benchmark Process 18820 has exited with code 0.

Mean = 4.397 ms, StdErr = 0.000 ms (0.00%), N = 1, StdDev = 0.000 ms
Min = 4.397 ms, Q1 = 4.397 ms, Median = 4.397 ms, Q3 = 4.397 ms, Max = 4.397 ms
IQR = 0.000 ms, LowerFence = 4.397 ms, UpperFence = 4.397 ms
ConfidenceInterval = [NaN ms; NaN ms] (CI 99.9%), Margin = NaN ms (NaN% of Mean)
Skewness = NaN, Kurtosis = NaN, MValue = 2

// ** Remained 9 (75.0%) benchmark(s) to run. Estimated finish 2026-08-03 11:25 (0h 0m from now) **
Setup power plan (GUID: 8c5e7fda-e8bf-4a96-9a85-a6e23a8c635c FriendlyName: High performance)
// **************************
// Benchmark: ConcurrencyBenchmarks.Concurrent_Plaxion_128: Dry(IterationCount=1, LaunchCount=1, RunStrategy=ColdStart, UnrollFactor=1, WarmupCount=1)
// *** Execute ***
// Launch: 1 / 1
// Execute: dotnet 75eae0ed-1a77-4068-8b2f-9ca56e3af939.dll --anonymousPipes 3348 3404 --benchmarkName Plaxion.BenchMarks.Comparison.ConcurrencyBenchmarks.Concurrent_Plaxion_128 --job Dry --benchmarkId 3 in C:\Users\Angel\RiderProjects\PlaxionMediator\benchmarks-comparison\src\Plaxion.BenchMarks.Comparison\bin\Release\net9.0\75eae0ed-1a77-4068-8b2f-9ca56e3af939\bin\Release\net9.0
// BeforeAnythingElse

// Benchmark Process Environment Information:
// BenchmarkDotNet v0.14.0
// Runtime=.NET 9.0.7 (9.0.725.31616), X64 RyuJIT AVX2
// GC=Concurrent Workstation
// HardwareIntrinsics=AVX2,AES,BMI1,BMI2,FMA,LZCNT,PCLMUL,POPCNT,AvxVnni,SERIALIZE VectorSize=256
// Job: Dry(IterationCount=1, LaunchCount=1, RunStrategy=ColdStart, UnrollFactor=1, WarmupCount=1)

// BeforeActualRun
WorkloadActual   1: 1 op, 4554800.00 ns, 4.5548 ms/op

// AfterActualRun
WorkloadResult   1: 1 op, 4554800.00 ns, 4.5548 ms/op
// GC:  0 0 0 11360 1
// Threading:  0 0 1

// AfterAll
// Benchmark Process 36420 has exited with code 0.

Mean = 4.555 ms, StdErr = 0.000 ms (0.00%), N = 1, StdDev = 0.000 ms
Min = 4.555 ms, Q1 = 4.555 ms, Median = 4.555 ms, Q3 = 4.555 ms, Max = 4.555 ms
IQR = 0.000 ms, LowerFence = 4.555 ms, UpperFence = 4.555 ms
ConfidenceInterval = [NaN ms; NaN ms] (CI 99.9%), Margin = NaN ms (NaN% of Mean)
Skewness = NaN, Kurtosis = NaN, MValue = 2

// ** Remained 8 (66.7%) benchmark(s) to run. Estimated finish 2026-08-03 11:25 (0h 0m from now) **
Setup power plan (GUID: 8c5e7fda-e8bf-4a96-9a85-a6e23a8c635c FriendlyName: High performance)
// **************************
// Benchmark: ConcurrencyBenchmarks.Concurrent_MediatR_1: Dry(IterationCount=1, LaunchCount=1, RunStrategy=ColdStart, UnrollFactor=1, WarmupCount=1)
// *** Execute ***
// Launch: 1 / 1
// Execute: dotnet 75eae0ed-1a77-4068-8b2f-9ca56e3af939.dll --anonymousPipes 3208 3272 --benchmarkName Plaxion.BenchMarks.Comparison.ConcurrencyBenchmarks.Concurrent_MediatR_1 --job Dry --benchmarkId 4 in C:\Users\Angel\RiderProjects\PlaxionMediator\benchmarks-comparison\src\Plaxion.BenchMarks.Comparison\bin\Release\net9.0\75eae0ed-1a77-4068-8b2f-9ca56e3af939\bin\Release\net9.0
// BeforeAnythingElse

// Benchmark Process Environment Information:
// BenchmarkDotNet v0.14.0
// Runtime=.NET 9.0.7 (9.0.725.31616), X64 RyuJIT AVX2
// GC=Concurrent Workstation
// HardwareIntrinsics=AVX2,AES,BMI1,BMI2,FMA,LZCNT,PCLMUL,POPCNT,AvxVnni,SERIALIZE VectorSize=256
// Job: Dry(IterationCount=1, LaunchCount=1, RunStrategy=ColdStart, UnrollFactor=1, WarmupCount=1)

// BeforeActualRun
WorkloadActual   1: 1 op, 2968000.00 ns, 2.9680 ms/op

// AfterActualRun
WorkloadResult   1: 1 op, 2968000.00 ns, 2.9680 ms/op
// GC:  0 0 0 3376 1
// Threading:  0 0 1

// AfterAll
// Benchmark Process 75256 has exited with code 0.

Mean = 2.968 ms, StdErr = 0.000 ms (0.00%), N = 1, StdDev = 0.000 ms
Min = 2.968 ms, Q1 = 2.968 ms, Median = 2.968 ms, Q3 = 2.968 ms, Max = 2.968 ms
IQR = 0.000 ms, LowerFence = 2.968 ms, UpperFence = 2.968 ms
ConfidenceInterval = [NaN ms; NaN ms] (CI 99.9%), Margin = NaN ms (NaN% of Mean)
Skewness = NaN, Kurtosis = NaN, MValue = 2

// ** Remained 7 (58.3%) benchmark(s) to run. Estimated finish 2026-08-03 11:25 (0h 0m from now) **
Setup power plan (GUID: 8c5e7fda-e8bf-4a96-9a85-a6e23a8c635c FriendlyName: High performance)
// **************************
// Benchmark: ConcurrencyBenchmarks.Concurrent_MediatR_8: Dry(IterationCount=1, LaunchCount=1, RunStrategy=ColdStart, UnrollFactor=1, WarmupCount=1)
// *** Execute ***
// Launch: 1 / 1
// Execute: dotnet 75eae0ed-1a77-4068-8b2f-9ca56e3af939.dll --anonymousPipes 3432 3440 --benchmarkName Plaxion.BenchMarks.Comparison.ConcurrencyBenchmarks.Concurrent_MediatR_8 --job Dry --benchmarkId 5 in C:\Users\Angel\RiderProjects\PlaxionMediator\benchmarks-comparison\src\Plaxion.BenchMarks.Comparison\bin\Release\net9.0\75eae0ed-1a77-4068-8b2f-9ca56e3af939\bin\Release\net9.0
// BeforeAnythingElse

// Benchmark Process Environment Information:
// BenchmarkDotNet v0.14.0
// Runtime=.NET 9.0.7 (9.0.725.31616), X64 RyuJIT AVX2
// GC=Concurrent Workstation
// HardwareIntrinsics=AVX2,AES,BMI1,BMI2,FMA,LZCNT,PCLMUL,POPCNT,AvxVnni,SERIALIZE VectorSize=256
// Job: Dry(IterationCount=1, LaunchCount=1, RunStrategy=ColdStart, UnrollFactor=1, WarmupCount=1)

// BeforeActualRun
WorkloadActual   1: 1 op, 3700400.00 ns, 3.7004 ms/op

// AfterActualRun
WorkloadResult   1: 1 op, 3700400.00 ns, 3.7004 ms/op
// GC:  0 0 0 3008 1
// Threading:  0 0 1

// AfterAll
// Benchmark Process 50488 has exited with code 0.

Mean = 3.700 ms, StdErr = 0.000 ms (0.00%), N = 1, StdDev = 0.000 ms
Min = 3.700 ms, Q1 = 3.700 ms, Median = 3.700 ms, Q3 = 3.700 ms, Max = 3.700 ms
IQR = 0.000 ms, LowerFence = 3.700 ms, UpperFence = 3.700 ms
ConfidenceInterval = [NaN ms; NaN ms] (CI 99.9%), Margin = NaN ms (NaN% of Mean)
Skewness = NaN, Kurtosis = NaN, MValue = 2

// ** Remained 6 (50.0%) benchmark(s) to run. Estimated finish 2026-08-03 11:25 (0h 0m from now) **
Setup power plan (GUID: 8c5e7fda-e8bf-4a96-9a85-a6e23a8c635c FriendlyName: High performance)
// **************************
// Benchmark: ConcurrencyBenchmarks.Concurrent_MediatR_32: Dry(IterationCount=1, LaunchCount=1, RunStrategy=ColdStart, UnrollFactor=1, WarmupCount=1)
// *** Execute ***
// Launch: 1 / 1
// Execute: dotnet 75eae0ed-1a77-4068-8b2f-9ca56e3af939.dll --anonymousPipes 1768 3452 --benchmarkName Plaxion.BenchMarks.Comparison.ConcurrencyBenchmarks.Concurrent_MediatR_32 --job Dry --benchmarkId 6 in C:\Users\Angel\RiderProjects\PlaxionMediator\benchmarks-comparison\src\Plaxion.BenchMarks.Comparison\bin\Release\net9.0\75eae0ed-1a77-4068-8b2f-9ca56e3af939\bin\Release\net9.0
// BeforeAnythingElse

// Benchmark Process Environment Information:
// BenchmarkDotNet v0.14.0
// Runtime=.NET 9.0.7 (9.0.725.31616), X64 RyuJIT AVX2
// GC=Concurrent Workstation
// HardwareIntrinsics=AVX2,AES,BMI1,BMI2,FMA,LZCNT,PCLMUL,POPCNT,AvxVnni,SERIALIZE VectorSize=256
// Job: Dry(IterationCount=1, LaunchCount=1, RunStrategy=ColdStart, UnrollFactor=1, WarmupCount=1)

// BeforeActualRun
WorkloadActual   1: 1 op, 3888500.00 ns, 3.8885 ms/op

// AfterActualRun
WorkloadResult   1: 1 op, 3888500.00 ns, 3.8885 ms/op
// GC:  0 0 0 9824 1
// Threading:  0 0 1

// AfterAll
// Benchmark Process 37264 has exited with code 0.

Mean = 3.889 ms, StdErr = 0.000 ms (0.00%), N = 1, StdDev = 0.000 ms
Min = 3.889 ms, Q1 = 3.889 ms, Median = 3.889 ms, Q3 = 3.889 ms, Max = 3.889 ms
IQR = 0.000 ms, LowerFence = 3.889 ms, UpperFence = 3.889 ms
ConfidenceInterval = [NaN ms; NaN ms] (CI 99.9%), Margin = NaN ms (NaN% of Mean)
Skewness = NaN, Kurtosis = NaN, MValue = 2

// ** Remained 5 (41.7%) benchmark(s) to run. Estimated finish 2026-08-03 11:25 (0h 0m from now) **
Setup power plan (GUID: 8c5e7fda-e8bf-4a96-9a85-a6e23a8c635c FriendlyName: High performance)
// **************************
// Benchmark: ConcurrencyBenchmarks.Concurrent_MediatR_128: Dry(IterationCount=1, LaunchCount=1, RunStrategy=ColdStart, UnrollFactor=1, WarmupCount=1)
// *** Execute ***
// Launch: 1 / 1
// Execute: dotnet 75eae0ed-1a77-4068-8b2f-9ca56e3af939.dll --anonymousPipes 1768 3452 --benchmarkName Plaxion.BenchMarks.Comparison.ConcurrencyBenchmarks.Concurrent_MediatR_128 --job Dry --benchmarkId 7 in C:\Users\Angel\RiderProjects\PlaxionMediator\benchmarks-comparison\src\Plaxion.BenchMarks.Comparison\bin\Release\net9.0\75eae0ed-1a77-4068-8b2f-9ca56e3af939\bin\Release\net9.0
// BeforeAnythingElse

// Benchmark Process Environment Information:
// BenchmarkDotNet v0.14.0
// Runtime=.NET 9.0.7 (9.0.725.31616), X64 RyuJIT AVX2
// GC=Concurrent Workstation
// HardwareIntrinsics=AVX2,AES,BMI1,BMI2,FMA,LZCNT,PCLMUL,POPCNT,AvxVnni,SERIALIZE VectorSize=256
// Job: Dry(IterationCount=1, LaunchCount=1, RunStrategy=ColdStart, UnrollFactor=1, WarmupCount=1)

// BeforeActualRun
WorkloadActual   1: 1 op, 3466600.00 ns, 3.4666 ms/op

// AfterActualRun
WorkloadResult   1: 1 op, 3466600.00 ns, 3.4666 ms/op
// GC:  0 0 0 35648 1
// Threading:  0 0 1

// AfterAll
// Benchmark Process 57632 has exited with code 0.

Mean = 3.467 ms, StdErr = 0.000 ms (0.00%), N = 1, StdDev = 0.000 ms
Min = 3.467 ms, Q1 = 3.467 ms, Median = 3.467 ms, Q3 = 3.467 ms, Max = 3.467 ms
IQR = 0.000 ms, LowerFence = 3.467 ms, UpperFence = 3.467 ms
ConfidenceInterval = [NaN ms; NaN ms] (CI 99.9%), Margin = NaN ms (NaN% of Mean)
Skewness = NaN, Kurtosis = NaN, MValue = 2

// ** Remained 4 (33.3%) benchmark(s) to run. Estimated finish 2026-08-03 11:25 (0h 0m from now) **
Setup power plan (GUID: 8c5e7fda-e8bf-4a96-9a85-a6e23a8c635c FriendlyName: High performance)
// **************************
// Benchmark: ConcurrencyBenchmarks.Concurrent_Mediator_1: Dry(IterationCount=1, LaunchCount=1, RunStrategy=ColdStart, UnrollFactor=1, WarmupCount=1)
// *** Execute ***
// Launch: 1 / 1
// Execute: dotnet 75eae0ed-1a77-4068-8b2f-9ca56e3af939.dll --anonymousPipes 3460 3196 --benchmarkName Plaxion.BenchMarks.Comparison.ConcurrencyBenchmarks.Concurrent_Mediator_1 --job Dry --benchmarkId 8 in C:\Users\Angel\RiderProjects\PlaxionMediator\benchmarks-comparison\src\Plaxion.BenchMarks.Comparison\bin\Release\net9.0\75eae0ed-1a77-4068-8b2f-9ca56e3af939\bin\Release\net9.0
// BeforeAnythingElse

// Benchmark Process Environment Information:
// BenchmarkDotNet v0.14.0
// Runtime=.NET 9.0.7 (9.0.725.31616), X64 RyuJIT AVX2
// GC=Concurrent Workstation
// HardwareIntrinsics=AVX2,AES,BMI1,BMI2,FMA,LZCNT,PCLMUL,POPCNT,AvxVnni,SERIALIZE VectorSize=256
// Job: Dry(IterationCount=1, LaunchCount=1, RunStrategy=ColdStart, UnrollFactor=1, WarmupCount=1)

// BeforeActualRun
WorkloadActual   1: 1 op, 10439600.00 ns, 10.4396 ms/op

// AfterActualRun
WorkloadResult   1: 1 op, 10439600.00 ns, 10.4396 ms/op
// GC:  0 0 0 960 1
// Threading:  0 0 1

// AfterAll
// Benchmark Process 51148 has exited with code 0.

Mean = 10.440 ms, StdErr = 0.000 ms (0.00%), N = 1, StdDev = 0.000 ms
Min = 10.440 ms, Q1 = 10.440 ms, Median = 10.440 ms, Q3 = 10.440 ms, Max = 10.440 ms
IQR = 0.000 ms, LowerFence = 10.440 ms, UpperFence = 10.440 ms
ConfidenceInterval = [NaN ms; NaN ms] (CI 99.9%), Margin = NaN ms (NaN% of Mean)
Skewness = NaN, Kurtosis = NaN, MValue = 2

// ** Remained 3 (25.0%) benchmark(s) to run. Estimated finish 2026-08-03 11:25 (0h 0m from now) **
Setup power plan (GUID: 8c5e7fda-e8bf-4a96-9a85-a6e23a8c635c FriendlyName: High performance)
// **************************
// Benchmark: ConcurrencyBenchmarks.Concurrent_Mediator_8: Dry(IterationCount=1, LaunchCount=1, RunStrategy=ColdStart, UnrollFactor=1, WarmupCount=1)
// *** Execute ***
// Launch: 1 / 1
// Execute: dotnet 75eae0ed-1a77-4068-8b2f-9ca56e3af939.dll --anonymousPipes 3504 3496 --benchmarkName Plaxion.BenchMarks.Comparison.ConcurrencyBenchmarks.Concurrent_Mediator_8 --job Dry --benchmarkId 9 in C:\Users\Angel\RiderProjects\PlaxionMediator\benchmarks-comparison\src\Plaxion.BenchMarks.Comparison\bin\Release\net9.0\75eae0ed-1a77-4068-8b2f-9ca56e3af939\bin\Release\net9.0
// BeforeAnythingElse

// Benchmark Process Environment Information:
// BenchmarkDotNet v0.14.0
// Runtime=.NET 9.0.7 (9.0.725.31616), X64 RyuJIT AVX2
// GC=Concurrent Workstation
// HardwareIntrinsics=AVX2,AES,BMI1,BMI2,FMA,LZCNT,PCLMUL,POPCNT,AvxVnni,SERIALIZE VectorSize=256
// Job: Dry(IterationCount=1, LaunchCount=1, RunStrategy=ColdStart, UnrollFactor=1, WarmupCount=1)

// BeforeActualRun
WorkloadActual   1: 1 op, 10204600.00 ns, 10.2046 ms/op

// AfterActualRun
WorkloadResult   1: 1 op, 10204600.00 ns, 10.2046 ms/op
// GC:  0 0 0 1520 1
// Threading:  0 0 1

// AfterAll
// Benchmark Process 2368 has exited with code 0.

Mean = 10.205 ms, StdErr = 0.000 ms (0.00%), N = 1, StdDev = 0.000 ms
Min = 10.205 ms, Q1 = 10.205 ms, Median = 10.205 ms, Q3 = 10.205 ms, Max = 10.205 ms
IQR = 0.000 ms, LowerFence = 10.205 ms, UpperFence = 10.205 ms
ConfidenceInterval = [NaN ms; NaN ms] (CI 99.9%), Margin = NaN ms (NaN% of Mean)
Skewness = NaN, Kurtosis = NaN, MValue = 2

// ** Remained 2 (16.7%) benchmark(s) to run. Estimated finish 2026-08-03 11:25 (0h 0m from now) **
Setup power plan (GUID: 8c5e7fda-e8bf-4a96-9a85-a6e23a8c635c FriendlyName: High performance)
// **************************
// Benchmark: ConcurrencyBenchmarks.Concurrent_Mediator_32: Dry(IterationCount=1, LaunchCount=1, RunStrategy=ColdStart, UnrollFactor=1, WarmupCount=1)
// *** Execute ***
// Launch: 1 / 1
// Execute: dotnet 75eae0ed-1a77-4068-8b2f-9ca56e3af939.dll --anonymousPipes 3196 3460 --benchmarkName Plaxion.BenchMarks.Comparison.ConcurrencyBenchmarks.Concurrent_Mediator_32 --job Dry --benchmarkId 10 in C:\Users\Angel\RiderProjects\PlaxionMediator\benchmarks-comparison\src\Plaxion.BenchMarks.Comparison\bin\Release\net9.0\75eae0ed-1a77-4068-8b2f-9ca56e3af939\bin\Release\net9.0
// BeforeAnythingElse

// Benchmark Process Environment Information:
// BenchmarkDotNet v0.14.0
// Runtime=.NET 9.0.7 (9.0.725.31616), X64 RyuJIT AVX2
// GC=Concurrent Workstation
// HardwareIntrinsics=AVX2,AES,BMI1,BMI2,FMA,LZCNT,PCLMUL,POPCNT,AvxVnni,SERIALIZE VectorSize=256
// Job: Dry(IterationCount=1, LaunchCount=1, RunStrategy=ColdStart, UnrollFactor=1, WarmupCount=1)

// BeforeActualRun
WorkloadActual   1: 1 op, 11198500.00 ns, 11.1985 ms/op

// AfterActualRun
WorkloadResult   1: 1 op, 11198500.00 ns, 11.1985 ms/op
// GC:  0 0 0 3392 1
// Threading:  0 0 1

// AfterAll
// Benchmark Process 19452 has exited with code 0.

Mean = 11.198 ms, StdErr = 0.000 ms (0.00%), N = 1, StdDev = 0.000 ms
Min = 11.198 ms, Q1 = 11.198 ms, Median = 11.198 ms, Q3 = 11.198 ms, Max = 11.198 ms
IQR = 0.000 ms, LowerFence = 11.198 ms, UpperFence = 11.198 ms
ConfidenceInterval = [NaN ms; NaN ms] (CI 99.9%), Margin = NaN ms (NaN% of Mean)
Skewness = NaN, Kurtosis = NaN, MValue = 2

// ** Remained 1 (8.3%) benchmark(s) to run. Estimated finish 2026-08-03 11:25 (0h 0m from now) **
Setup power plan (GUID: 8c5e7fda-e8bf-4a96-9a85-a6e23a8c635c FriendlyName: High performance)
// **************************
// Benchmark: ConcurrencyBenchmarks.Concurrent_Mediator_128: Dry(IterationCount=1, LaunchCount=1, RunStrategy=ColdStart, UnrollFactor=1, WarmupCount=1)
// *** Execute ***
// Launch: 1 / 1
// Execute: dotnet 75eae0ed-1a77-4068-8b2f-9ca56e3af939.dll --anonymousPipes 3544 3536 --benchmarkName Plaxion.BenchMarks.Comparison.ConcurrencyBenchmarks.Concurrent_Mediator_128 --job Dry --benchmarkId 11 in C:\Users\Angel\RiderProjects\PlaxionMediator\benchmarks-comparison\src\Plaxion.BenchMarks.Comparison\bin\Release\net9.0\75eae0ed-1a77-4068-8b2f-9ca56e3af939\bin\Release\net9.0
// BeforeAnythingElse

// Benchmark Process Environment Information:
// BenchmarkDotNet v0.14.0
// Runtime=.NET 9.0.7 (9.0.725.31616), X64 RyuJIT AVX2
// GC=Concurrent Workstation
// HardwareIntrinsics=AVX2,AES,BMI1,BMI2,FMA,LZCNT,PCLMUL,POPCNT,AvxVnni,SERIALIZE VectorSize=256
// Job: Dry(IterationCount=1, LaunchCount=1, RunStrategy=ColdStart, UnrollFactor=1, WarmupCount=1)

// BeforeActualRun
WorkloadActual   1: 1 op, 10825900.00 ns, 10.8259 ms/op

// AfterActualRun
WorkloadResult   1: 1 op, 10825900.00 ns, 10.8259 ms/op
// GC:  0 0 0 11408 1
// Threading:  0 0 1

// AfterAll
// Benchmark Process 7172 has exited with code 0.

Mean = 10.826 ms, StdErr = 0.000 ms (0.00%), N = 1, StdDev = 0.000 ms
Min = 10.826 ms, Q1 = 10.826 ms, Median = 10.826 ms, Q3 = 10.826 ms, Max = 10.826 ms
IQR = 0.000 ms, LowerFence = 10.826 ms, UpperFence = 10.826 ms
ConfidenceInterval = [NaN ms; NaN ms] (CI 99.9%), Margin = NaN ms (NaN% of Mean)
Skewness = NaN, Kurtosis = NaN, MValue = 2

// ** Remained 0 (0.0%) benchmark(s) to run. Estimated finish 2026-08-03 11:25 (0h 0m from now) **
Successfully reverted power plan (GUID: 381b4222-f694-41f0-9685-ff5bb260df2e FriendlyName: Balanced)
// ***** BenchmarkRunner: Finish  *****

// * Export *
  BenchmarkDotNet.Artifacts\results\Plaxion.BenchMarks.Comparison.ConcurrencyBenchmarks-report.csv
  BenchmarkDotNet.Artifacts\results\Plaxion.BenchMarks.Comparison.ConcurrencyBenchmarks-report-github.md
  BenchmarkDotNet.Artifacts\results\Plaxion.BenchMarks.Comparison.ConcurrencyBenchmarks-report.html

// * Detailed results *
ConcurrencyBenchmarks.Concurrent_MediatR_1: Dry(IterationCount=1, LaunchCount=1, RunStrategy=ColdStart, UnrollFactor=1, WarmupCount=1)
Runtime = .NET 9.0.7 (9.0.725.31616), X64 RyuJIT AVX2; GC = Concurrent Workstation
Mean = 2.968 ms, StdErr = 0.000 ms (0.00%), N = 1, StdDev = 0.000 ms
Min = 2.968 ms, Q1 = 2.968 ms, Median = 2.968 ms, Q3 = 2.968 ms, Max = 2.968 ms
IQR = 0.000 ms, LowerFence = 2.968 ms, UpperFence = 2.968 ms
ConfidenceInterval = [NaN ms; NaN ms] (CI 99.9%), Margin = NaN ms (NaN% of Mean)
Skewness = NaN, Kurtosis = NaN, MValue = 2
-------------------- Histogram --------------------
[2.968 ms ; 2.968 ms) | @
---------------------------------------------------

ConcurrencyBenchmarks.Concurrent_MediatR_128: Dry(IterationCount=1, LaunchCount=1, RunStrategy=ColdStart, UnrollFactor=1, WarmupCount=1)
Runtime = .NET 9.0.7 (9.0.725.31616), X64 RyuJIT AVX2; GC = Concurrent Workstation
Mean = 3.467 ms, StdErr = 0.000 ms (0.00%), N = 1, StdDev = 0.000 ms
Min = 3.467 ms, Q1 = 3.467 ms, Median = 3.467 ms, Q3 = 3.467 ms, Max = 3.467 ms
IQR = 0.000 ms, LowerFence = 3.467 ms, UpperFence = 3.467 ms
ConfidenceInterval = [NaN ms; NaN ms] (CI 99.9%), Margin = NaN ms (NaN% of Mean)
Skewness = NaN, Kurtosis = NaN, MValue = 2
-------------------- Histogram --------------------
[3.467 ms ; 3.467 ms) | @
---------------------------------------------------

ConcurrencyBenchmarks.Concurrent_MediatR_8: Dry(IterationCount=1, LaunchCount=1, RunStrategy=ColdStart, UnrollFactor=1, WarmupCount=1)
Runtime = .NET 9.0.7 (9.0.725.31616), X64 RyuJIT AVX2; GC = Concurrent Workstation
Mean = 3.700 ms, StdErr = 0.000 ms (0.00%), N = 1, StdDev = 0.000 ms
Min = 3.700 ms, Q1 = 3.700 ms, Median = 3.700 ms, Q3 = 3.700 ms, Max = 3.700 ms
IQR = 0.000 ms, LowerFence = 3.700 ms, UpperFence = 3.700 ms
ConfidenceInterval = [NaN ms; NaN ms] (CI 99.9%), Margin = NaN ms (NaN% of Mean)
Skewness = NaN, Kurtosis = NaN, MValue = 2
-------------------- Histogram --------------------
[3.700 ms ; 3.700 ms) | @
---------------------------------------------------

ConcurrencyBenchmarks.Concurrent_Plaxion_1: Dry(IterationCount=1, LaunchCount=1, RunStrategy=ColdStart, UnrollFactor=1, WarmupCount=1)
Runtime = .NET 9.0.7 (9.0.725.31616), X64 RyuJIT AVX2; GC = Concurrent Workstation
Mean = 3.808 ms, StdErr = 0.000 ms (0.00%), N = 1, StdDev = 0.000 ms
Min = 3.808 ms, Q1 = 3.808 ms, Median = 3.808 ms, Q3 = 3.808 ms, Max = 3.808 ms
IQR = 0.000 ms, LowerFence = 3.808 ms, UpperFence = 3.808 ms
ConfidenceInterval = [NaN ms; NaN ms] (CI 99.9%), Margin = NaN ms (NaN% of Mean)
Skewness = NaN, Kurtosis = NaN, MValue = 2
-------------------- Histogram --------------------
[3.808 ms ; 3.808 ms) | @
---------------------------------------------------

ConcurrencyBenchmarks.Concurrent_MediatR_32: Dry(IterationCount=1, LaunchCount=1, RunStrategy=ColdStart, UnrollFactor=1, WarmupCount=1)
Runtime = .NET 9.0.7 (9.0.725.31616), X64 RyuJIT AVX2; GC = Concurrent Workstation
Mean = 3.889 ms, StdErr = 0.000 ms (0.00%), N = 1, StdDev = 0.000 ms
Min = 3.889 ms, Q1 = 3.889 ms, Median = 3.889 ms, Q3 = 3.889 ms, Max = 3.889 ms
IQR = 0.000 ms, LowerFence = 3.889 ms, UpperFence = 3.889 ms
ConfidenceInterval = [NaN ms; NaN ms] (CI 99.9%), Margin = NaN ms (NaN% of Mean)
Skewness = NaN, Kurtosis = NaN, MValue = 2
-------------------- Histogram --------------------
[3.888 ms ; 3.889 ms) | @
---------------------------------------------------

ConcurrencyBenchmarks.Concurrent_Plaxion_32: Dry(IterationCount=1, LaunchCount=1, RunStrategy=ColdStart, UnrollFactor=1, WarmupCount=1)
Runtime = .NET 9.0.7 (9.0.725.31616), X64 RyuJIT AVX2; GC = Concurrent Workstation
Mean = 4.397 ms, StdErr = 0.000 ms (0.00%), N = 1, StdDev = 0.000 ms
Min = 4.397 ms, Q1 = 4.397 ms, Median = 4.397 ms, Q3 = 4.397 ms, Max = 4.397 ms
IQR = 0.000 ms, LowerFence = 4.397 ms, UpperFence = 4.397 ms
ConfidenceInterval = [NaN ms; NaN ms] (CI 99.9%), Margin = NaN ms (NaN% of Mean)
Skewness = NaN, Kurtosis = NaN, MValue = 2
-------------------- Histogram --------------------
[4.397 ms ; 4.397 ms) | @
---------------------------------------------------

ConcurrencyBenchmarks.Concurrent_Plaxion_128: Dry(IterationCount=1, LaunchCount=1, RunStrategy=ColdStart, UnrollFactor=1, WarmupCount=1)
Runtime = .NET 9.0.7 (9.0.725.31616), X64 RyuJIT AVX2; GC = Concurrent Workstation
Mean = 4.555 ms, StdErr = 0.000 ms (0.00%), N = 1, StdDev = 0.000 ms
Min = 4.555 ms, Q1 = 4.555 ms, Median = 4.555 ms, Q3 = 4.555 ms, Max = 4.555 ms
IQR = 0.000 ms, LowerFence = 4.555 ms, UpperFence = 4.555 ms
ConfidenceInterval = [NaN ms; NaN ms] (CI 99.9%), Margin = NaN ms (NaN% of Mean)
Skewness = NaN, Kurtosis = NaN, MValue = 2
-------------------- Histogram --------------------
[4.555 ms ; 4.555 ms) | @
---------------------------------------------------

ConcurrencyBenchmarks.Concurrent_Plaxion_8: Dry(IterationCount=1, LaunchCount=1, RunStrategy=ColdStart, UnrollFactor=1, WarmupCount=1)
Runtime = .NET 9.0.7 (9.0.725.31616), X64 RyuJIT AVX2; GC = Concurrent Workstation
Mean = 4.774 ms, StdErr = 0.000 ms (0.00%), N = 1, StdDev = 0.000 ms
Min = 4.774 ms, Q1 = 4.774 ms, Median = 4.774 ms, Q3 = 4.774 ms, Max = 4.774 ms
IQR = 0.000 ms, LowerFence = 4.774 ms, UpperFence = 4.774 ms
ConfidenceInterval = [NaN ms; NaN ms] (CI 99.9%), Margin = NaN ms (NaN% of Mean)
Skewness = NaN, Kurtosis = NaN, MValue = 2
-------------------- Histogram --------------------
[4.774 ms ; 4.774 ms) | @
---------------------------------------------------

ConcurrencyBenchmarks.Concurrent_Mediator_8: Dry(IterationCount=1, LaunchCount=1, RunStrategy=ColdStart, UnrollFactor=1, WarmupCount=1)
Runtime = .NET 9.0.7 (9.0.725.31616), X64 RyuJIT AVX2; GC = Concurrent Workstation
Mean = 10.205 ms, StdErr = 0.000 ms (0.00%), N = 1, StdDev = 0.000 ms
Min = 10.205 ms, Q1 = 10.205 ms, Median = 10.205 ms, Q3 = 10.205 ms, Max = 10.205 ms
IQR = 0.000 ms, LowerFence = 10.205 ms, UpperFence = 10.205 ms
ConfidenceInterval = [NaN ms; NaN ms] (CI 99.9%), Margin = NaN ms (NaN% of Mean)
Skewness = NaN, Kurtosis = NaN, MValue = 2
-------------------- Histogram --------------------
[10.205 ms ; 10.205 ms) | @
---------------------------------------------------

ConcurrencyBenchmarks.Concurrent_Mediator_1: Dry(IterationCount=1, LaunchCount=1, RunStrategy=ColdStart, UnrollFactor=1, WarmupCount=1)
Runtime = .NET 9.0.7 (9.0.725.31616), X64 RyuJIT AVX2; GC = Concurrent Workstation
Mean = 10.440 ms, StdErr = 0.000 ms (0.00%), N = 1, StdDev = 0.000 ms
Min = 10.440 ms, Q1 = 10.440 ms, Median = 10.440 ms, Q3 = 10.440 ms, Max = 10.440 ms
IQR = 0.000 ms, LowerFence = 10.440 ms, UpperFence = 10.440 ms
ConfidenceInterval = [NaN ms; NaN ms] (CI 99.9%), Margin = NaN ms (NaN% of Mean)
Skewness = NaN, Kurtosis = NaN, MValue = 2
-------------------- Histogram --------------------
[10.440 ms ; 10.440 ms) | @
---------------------------------------------------

ConcurrencyBenchmarks.Concurrent_Mediator_128: Dry(IterationCount=1, LaunchCount=1, RunStrategy=ColdStart, UnrollFactor=1, WarmupCount=1)
Runtime = .NET 9.0.7 (9.0.725.31616), X64 RyuJIT AVX2; GC = Concurrent Workstation
Mean = 10.826 ms, StdErr = 0.000 ms (0.00%), N = 1, StdDev = 0.000 ms
Min = 10.826 ms, Q1 = 10.826 ms, Median = 10.826 ms, Q3 = 10.826 ms, Max = 10.826 ms
IQR = 0.000 ms, LowerFence = 10.826 ms, UpperFence = 10.826 ms
ConfidenceInterval = [NaN ms; NaN ms] (CI 99.9%), Margin = NaN ms (NaN% of Mean)
Skewness = NaN, Kurtosis = NaN, MValue = 2
-------------------- Histogram --------------------
[10.826 ms ; 10.826 ms) | @
---------------------------------------------------

ConcurrencyBenchmarks.Concurrent_Mediator_32: Dry(IterationCount=1, LaunchCount=1, RunStrategy=ColdStart, UnrollFactor=1, WarmupCount=1)
Runtime = .NET 9.0.7 (9.0.725.31616), X64 RyuJIT AVX2; GC = Concurrent Workstation
Mean = 11.198 ms, StdErr = 0.000 ms (0.00%), N = 1, StdDev = 0.000 ms
Min = 11.198 ms, Q1 = 11.198 ms, Median = 11.198 ms, Q3 = 11.198 ms, Max = 11.198 ms
IQR = 0.000 ms, LowerFence = 11.198 ms, UpperFence = 11.198 ms
ConfidenceInterval = [NaN ms; NaN ms] (CI 99.9%), Margin = NaN ms (NaN% of Mean)
Skewness = NaN, Kurtosis = NaN, MValue = 2
-------------------- Histogram --------------------
[11.198 ms ; 11.199 ms) | @
---------------------------------------------------

// * Summary *

BenchmarkDotNet v0.14.0, Windows 11 (10.0.26200.8875)
12th Gen Intel Core i7-12700K, 1 CPU, 20 logical and 12 physical cores
.NET SDK 9.0.202
  [Host] : .NET 9.0.7 (9.0.725.31616), X64 RyuJIT AVX2
  Dry    : .NET 9.0.7 (9.0.725.31616), X64 RyuJIT AVX2

Job=Dry  IterationCount=1  LaunchCount=1  
RunStrategy=ColdStart  UnrollFactor=1  WarmupCount=1  

| Method                  | Mean      | Error | Completed Work Items | Lock Contentions | Allocated |
|------------------------ |----------:|------:|---------------------:|-----------------:|----------:|
| Concurrent_MediatR_1    |  2.968 ms |    NA |                    - |                - |    3376 B |
| Concurrent_MediatR_128  |  3.467 ms |    NA |                    - |                - |   35648 B |
| Concurrent_MediatR_8    |  3.700 ms |    NA |                    - |                - |    3008 B |
| Concurrent_Plaxion_1    |  3.808 ms |    NA |                    - |                - |    2080 B |
| Concurrent_MediatR_32   |  3.889 ms |    NA |                    - |                - |    9824 B |
| Concurrent_Plaxion_32   |  4.397 ms |    NA |                    - |                - |    3680 B |
| Concurrent_Plaxion_128  |  4.555 ms |    NA |                    - |                - |   11360 B |
| Concurrent_Plaxion_8    |  4.774 ms |    NA |                    - |                - |    1472 B |
| Concurrent_Mediator_8   | 10.205 ms |    NA |                    - |                - |    1520 B |
| Concurrent_Mediator_1   | 10.440 ms |    NA |                    - |                - |     960 B |
| Concurrent_Mediator_128 | 10.826 ms |    NA |                    - |                - |   11408 B |
| Concurrent_Mediator_32  | 11.198 ms |    NA |                    - |                - |    3392 B |

// * Warnings *
MinIterationTime
  ConcurrencyBenchmarks.Concurrent_MediatR_1: Dry    -> The minimum observed iteration time is 2.968ms which is very small. It's recommended to increase it to at least 100ms using more operations.
  ConcurrencyBenchmarks.Concurrent_MediatR_128: Dry  -> The minimum observed iteration time is 3.467ms which is very small. It's recommended to increase it to at least 100ms using more operations.
  ConcurrencyBenchmarks.Concurrent_MediatR_8: Dry    -> The minimum observed iteration time is 3.7ms which is very small. It's recommended to increase it to at least 100ms using more operations.
  ConcurrencyBenchmarks.Concurrent_Plaxion_1: Dry    -> The minimum observed iteration time is 3.808ms which is very small. It's recommended to increase it to at least 100ms using more operations.
  ConcurrencyBenchmarks.Concurrent_MediatR_32: Dry   -> The minimum observed iteration time is 3.889ms which is very small. It's recommended to increase it to at least 100ms using more operations.
  ConcurrencyBenchmarks.Concurrent_Plaxion_32: Dry   -> The minimum observed iteration time is 4.397ms which is very small. It's recommended to increase it to at least 100ms using more operations.
  ConcurrencyBenchmarks.Concurrent_Plaxion_128: Dry  -> The minimum observed iteration time is 4.555ms which is very small. It's recommended to increase it to at least 100ms using more operations.
  ConcurrencyBenchmarks.Concurrent_Plaxion_8: Dry    -> The minimum observed iteration time is 4.774ms which is very small. It's recommended to increase it to at least 100ms using more operations.
  ConcurrencyBenchmarks.Concurrent_Mediator_8: Dry   -> The minimum observed iteration time is 10.205ms which is very small. It's recommended to increase it to at least 100ms using more operations.
  ConcurrencyBenchmarks.Concurrent_Mediator_1: Dry   -> The minimum observed iteration time is 10.44ms which is very small. It's recommended to increase it to at least 100ms using more operations.
  ConcurrencyBenchmarks.Concurrent_Mediator_128: Dry -> The minimum observed iteration time is 10.826ms which is very small. It's recommended to increase it to at least 100ms using more operations.
  ConcurrencyBenchmarks.Concurrent_Mediator_32: Dry  -> The minimum observed iteration time is 11.199ms which is very small. It's recommended to increase it to at least 100ms using more operations.

// * Legends *
  Mean                 : Arithmetic mean of all measurements
  Error                : Half of 99.9% confidence interval
  Completed Work Items : The number of work items that have been processed in ThreadPool (per single operation)
  Lock Contentions     : The number of times there was contention upon trying to take a Monitor's lock (per single operation)
  Allocated            : Allocated memory per single operation (managed only, inclusive, 1KB = 1024B)
  1 ms                 : 1 Millisecond (0.001 sec)

// * Diagnostic Output - MemoryDiagnoser *

// * Diagnostic Output - ThreadingDiagnoser *


// ***** BenchmarkRunner: End *****
Run time: 00:00:03 (3.33 sec), executed benchmarks: 12

Global total time: 00:00:22 (22.76 sec), executed benchmarks: 12
// * Artifacts cleanup *
Artifacts cleanup is finished
