// Validating benchmarks:
// ***** BenchmarkRunner: Start   *****
// ***** Found 12 benchmark(s) in total *****
// ***** Building 1 exe(s) in Parallel: Start   *****
// start dotnet  restore /p:UseSharedCompilation=false /p:BuildInParallel=false /m:1 /p:Deterministic=true /p:Optimize=true /p:IntermediateOutputPath="C:\Users\Angel\RiderProjects\PlaxionMediator\benchmarks-comparison\src\Plaxion.BenchMarks.Comparison\bin\Release\net9.0\4f16b0c5-f4fa-47b1-a029-0ff89d6c0bcc\obj\Release\net9.0/" /p:OutDir="C:\Users\Angel\RiderProjects\PlaxionMediator\benchmarks-comparison\src\Plaxion.BenchMarks.Comparison\bin\Release\net9.0\4f16b0c5-f4fa-47b1-a029-0ff89d6c0bcc\bin\Release\net9.0/" /p:OutputPath="C:\Users\Angel\RiderProjects\PlaxionMediator\benchmarks-comparison\src\Plaxion.BenchMarks.Comparison\bin\Release\net9.0\4f16b0c5-f4fa-47b1-a029-0ff89d6c0bcc\bin\Release\net9.0/" in C:\Users\Angel\RiderProjects\PlaxionMediator\benchmarks-comparison\src\Plaxion.BenchMarks.Comparison\bin\Release\net9.0\4f16b0c5-f4fa-47b1-a029-0ff89d6c0bcc
// command took 1.13 sec and exited with 0
// start dotnet  build -c Release --no-restore /p:UseSharedCompilation=false /p:BuildInParallel=false /m:1 /p:Deterministic=true /p:Optimize=true /p:IntermediateOutputPath="C:\Users\Angel\RiderProjects\PlaxionMediator\benchmarks-comparison\src\Plaxion.BenchMarks.Comparison\bin\Release\net9.0\4f16b0c5-f4fa-47b1-a029-0ff89d6c0bcc\obj\Release\net9.0/" /p:OutDir="C:\Users\Angel\RiderProjects\PlaxionMediator\benchmarks-comparison\src\Plaxion.BenchMarks.Comparison\bin\Release\net9.0\4f16b0c5-f4fa-47b1-a029-0ff89d6c0bcc\bin\Release\net9.0/" /p:OutputPath="C:\Users\Angel\RiderProjects\PlaxionMediator\benchmarks-comparison\src\Plaxion.BenchMarks.Comparison\bin\Release\net9.0\4f16b0c5-f4fa-47b1-a029-0ff89d6c0bcc\bin\Release\net9.0/" --output "C:\Users\Angel\RiderProjects\PlaxionMediator\benchmarks-comparison\src\Plaxion.BenchMarks.Comparison\bin\Release\net9.0\4f16b0c5-f4fa-47b1-a029-0ff89d6c0bcc\bin\Release\net9.0/" in C:\Users\Angel\RiderProjects\PlaxionMediator\benchmarks-comparison\src\Plaxion.BenchMarks.Comparison\bin\Release\net9.0\4f16b0c5-f4fa-47b1-a029-0ff89d6c0bcc
// command took 18.15 sec and exited with 0
// ***** Done, took 00:00:19 (19.38 sec)   *****
// Found 12 benchmarks:
//   NotificationFanOutBenchmarks.Publish_Plaxion_1Handler: Dry(IterationCount=1, LaunchCount=1, RunStrategy=ColdStart, UnrollFactor=1, WarmupCount=1)
//   NotificationFanOutBenchmarks.Publish_Plaxion_10Handlers: Dry(IterationCount=1, LaunchCount=1, RunStrategy=ColdStart, UnrollFactor=1, WarmupCount=1)
//   NotificationFanOutBenchmarks.Publish_Plaxion_50Handlers: Dry(IterationCount=1, LaunchCount=1, RunStrategy=ColdStart, UnrollFactor=1, WarmupCount=1)
//   NotificationFanOutBenchmarks.Publish_Plaxion_100Handlers: Dry(IterationCount=1, LaunchCount=1, RunStrategy=ColdStart, UnrollFactor=1, WarmupCount=1)
//   NotificationFanOutBenchmarks.Publish_MediatR_1Handler: Dry(IterationCount=1, LaunchCount=1, RunStrategy=ColdStart, UnrollFactor=1, WarmupCount=1)
//   NotificationFanOutBenchmarks.Publish_MediatR_10Handlers: Dry(IterationCount=1, LaunchCount=1, RunStrategy=ColdStart, UnrollFactor=1, WarmupCount=1)
//   NotificationFanOutBenchmarks.Publish_MediatR_50Handlers: Dry(IterationCount=1, LaunchCount=1, RunStrategy=ColdStart, UnrollFactor=1, WarmupCount=1)
//   NotificationFanOutBenchmarks.Publish_MediatR_100Handlers: Dry(IterationCount=1, LaunchCount=1, RunStrategy=ColdStart, UnrollFactor=1, WarmupCount=1)
//   NotificationFanOutBenchmarks.Publish_Mediator_1Handler: Dry(IterationCount=1, LaunchCount=1, RunStrategy=ColdStart, UnrollFactor=1, WarmupCount=1)
//   NotificationFanOutBenchmarks.Publish_Mediator_10Handlers: Dry(IterationCount=1, LaunchCount=1, RunStrategy=ColdStart, UnrollFactor=1, WarmupCount=1)
//   NotificationFanOutBenchmarks.Publish_Mediator_50Handlers: Dry(IterationCount=1, LaunchCount=1, RunStrategy=ColdStart, UnrollFactor=1, WarmupCount=1)
//   NotificationFanOutBenchmarks.Publish_Mediator_100Handlers: Dry(IterationCount=1, LaunchCount=1, RunStrategy=ColdStart, UnrollFactor=1, WarmupCount=1)

Setup power plan (GUID: 8c5e7fda-e8bf-4a96-9a85-a6e23a8c635c FriendlyName: High performance)
// **************************
// Benchmark: NotificationFanOutBenchmarks.Publish_Plaxion_1Handler: Dry(IterationCount=1, LaunchCount=1, RunStrategy=ColdStart, UnrollFactor=1, WarmupCount=1)
// *** Execute ***
// Launch: 1 / 1
// Execute: dotnet 4f16b0c5-f4fa-47b1-a029-0ff89d6c0bcc.dll --anonymousPipes 3260 3272 --benchmarkName Plaxion.BenchMarks.Comparison.NotificationFanOutBenchmarks.Publish_Plaxion_1Handler --job Dry --benchmarkId 0 in C:\Users\Angel\RiderProjects\PlaxionMediator\benchmarks-comparison\src\Plaxion.BenchMarks.Comparison\bin\Release\net9.0\4f16b0c5-f4fa-47b1-a029-0ff89d6c0bcc\bin\Release\net9.0
// BeforeAnythingElse

// Benchmark Process Environment Information:
// BenchmarkDotNet v0.14.0
// Runtime=.NET 9.0.7 (9.0.725.31616), X64 RyuJIT AVX2
// GC=Concurrent Workstation
// HardwareIntrinsics=AVX2,AES,BMI1,BMI2,FMA,LZCNT,PCLMUL,POPCNT,AvxVnni,SERIALIZE VectorSize=256
// Job: Dry(IterationCount=1, LaunchCount=1, RunStrategy=ColdStart, UnrollFactor=1, WarmupCount=1)

// BeforeActualRun
WorkloadActual   1: 1 op, 3521500.00 ns, 3.5215 ms/op

// AfterActualRun
WorkloadResult   1: 1 op, 3521500.00 ns, 3.5215 ms/op
// GC:  0 0 0 2000 1
// Threading:  0 0 1

// AfterAll
// Benchmark Process 48172 has exited with code 0.

Mean = 3.522 ms, StdErr = 0.000 ms (0.00%), N = 1, StdDev = 0.000 ms
Min = 3.522 ms, Q1 = 3.522 ms, Median = 3.522 ms, Q3 = 3.522 ms, Max = 3.522 ms
IQR = 0.000 ms, LowerFence = 3.522 ms, UpperFence = 3.522 ms
ConfidenceInterval = [NaN ms; NaN ms] (CI 99.9%), Margin = NaN ms (NaN% of Mean)
Skewness = NaN, Kurtosis = NaN, MValue = 2

// ** Remained 11 (91.7%) benchmark(s) to run. Estimated finish 2026-08-03 11:26 (0h 0m from now) **
Setup power plan (GUID: 8c5e7fda-e8bf-4a96-9a85-a6e23a8c635c FriendlyName: High performance)
// **************************
// Benchmark: NotificationFanOutBenchmarks.Publish_Plaxion_10Handlers: Dry(IterationCount=1, LaunchCount=1, RunStrategy=ColdStart, UnrollFactor=1, WarmupCount=1)
// *** Execute ***
// Launch: 1 / 1
// Execute: dotnet 4f16b0c5-f4fa-47b1-a029-0ff89d6c0bcc.dll --anonymousPipes 2852 2856 --benchmarkName Plaxion.BenchMarks.Comparison.NotificationFanOutBenchmarks.Publish_Plaxion_10Handlers --job Dry --benchmarkId 1 in C:\Users\Angel\RiderProjects\PlaxionMediator\benchmarks-comparison\src\Plaxion.BenchMarks.Comparison\bin\Release\net9.0\4f16b0c5-f4fa-47b1-a029-0ff89d6c0bcc\bin\Release\net9.0
// BeforeAnythingElse

// Benchmark Process Environment Information:
// BenchmarkDotNet v0.14.0
// Runtime=.NET 9.0.7 (9.0.725.31616), X64 RyuJIT AVX2
// GC=Concurrent Workstation
// HardwareIntrinsics=AVX2,AES,BMI1,BMI2,FMA,LZCNT,PCLMUL,POPCNT,AvxVnni,SERIALIZE VectorSize=256
// Job: Dry(IterationCount=1, LaunchCount=1, RunStrategy=ColdStart, UnrollFactor=1, WarmupCount=1)

// BeforeActualRun
WorkloadActual   1: 1 op, 4390700.00 ns, 4.3907 ms/op

// AfterActualRun
WorkloadResult   1: 1 op, 4390700.00 ns, 4.3907 ms/op
// GC:  0 0 0 4016 1
// Threading:  0 0 1

// AfterAll
// Benchmark Process 75760 has exited with code 0.

Mean = 4.391 ms, StdErr = 0.000 ms (0.00%), N = 1, StdDev = 0.000 ms
Min = 4.391 ms, Q1 = 4.391 ms, Median = 4.391 ms, Q3 = 4.391 ms, Max = 4.391 ms
IQR = 0.000 ms, LowerFence = 4.391 ms, UpperFence = 4.391 ms
ConfidenceInterval = [NaN ms; NaN ms] (CI 99.9%), Margin = NaN ms (NaN% of Mean)
Skewness = NaN, Kurtosis = NaN, MValue = 2

// ** Remained 10 (83.3%) benchmark(s) to run. Estimated finish 2026-08-03 11:26 (0h 0m from now) **
Setup power plan (GUID: 8c5e7fda-e8bf-4a96-9a85-a6e23a8c635c FriendlyName: High performance)
// **************************
// Benchmark: NotificationFanOutBenchmarks.Publish_Plaxion_50Handlers: Dry(IterationCount=1, LaunchCount=1, RunStrategy=ColdStart, UnrollFactor=1, WarmupCount=1)
// *** Execute ***
// Launch: 1 / 1
// Execute: dotnet 4f16b0c5-f4fa-47b1-a029-0ff89d6c0bcc.dll --anonymousPipes 2428 1216 --benchmarkName Plaxion.BenchMarks.Comparison.NotificationFanOutBenchmarks.Publish_Plaxion_50Handlers --job Dry --benchmarkId 2 in C:\Users\Angel\RiderProjects\PlaxionMediator\benchmarks-comparison\src\Plaxion.BenchMarks.Comparison\bin\Release\net9.0\4f16b0c5-f4fa-47b1-a029-0ff89d6c0bcc\bin\Release\net9.0
// BeforeAnythingElse

// Benchmark Process Environment Information:
// BenchmarkDotNet v0.14.0
// Runtime=.NET 9.0.7 (9.0.725.31616), X64 RyuJIT AVX2
// GC=Concurrent Workstation
// HardwareIntrinsics=AVX2,AES,BMI1,BMI2,FMA,LZCNT,PCLMUL,POPCNT,AvxVnni,SERIALIZE VectorSize=256
// Job: Dry(IterationCount=1, LaunchCount=1, RunStrategy=ColdStart, UnrollFactor=1, WarmupCount=1)

// BeforeActualRun
WorkloadActual   1: 1 op, 5010200.00 ns, 5.0102 ms/op

// AfterActualRun
WorkloadResult   1: 1 op, 5010200.00 ns, 5.0102 ms/op
// GC:  0 0 0 8560 1
// Threading:  0 0 1

// AfterAll
// Benchmark Process 52040 has exited with code 0.

Mean = 5.010 ms, StdErr = 0.000 ms (0.00%), N = 1, StdDev = 0.000 ms
Min = 5.010 ms, Q1 = 5.010 ms, Median = 5.010 ms, Q3 = 5.010 ms, Max = 5.010 ms
IQR = 0.000 ms, LowerFence = 5.010 ms, UpperFence = 5.010 ms
ConfidenceInterval = [NaN ms; NaN ms] (CI 99.9%), Margin = NaN ms (NaN% of Mean)
Skewness = NaN, Kurtosis = NaN, MValue = 2

// ** Remained 9 (75.0%) benchmark(s) to run. Estimated finish 2026-08-03 11:26 (0h 0m from now) **
Setup power plan (GUID: 8c5e7fda-e8bf-4a96-9a85-a6e23a8c635c FriendlyName: High performance)
// **************************
// Benchmark: NotificationFanOutBenchmarks.Publish_Plaxion_100Handlers: Dry(IterationCount=1, LaunchCount=1, RunStrategy=ColdStart, UnrollFactor=1, WarmupCount=1)
// *** Execute ***
// Launch: 1 / 1
// Execute: dotnet 4f16b0c5-f4fa-47b1-a029-0ff89d6c0bcc.dll --anonymousPipes 2092 3192 --benchmarkName Plaxion.BenchMarks.Comparison.NotificationFanOutBenchmarks.Publish_Plaxion_100Handlers --job Dry --benchmarkId 3 in C:\Users\Angel\RiderProjects\PlaxionMediator\benchmarks-comparison\src\Plaxion.BenchMarks.Comparison\bin\Release\net9.0\4f16b0c5-f4fa-47b1-a029-0ff89d6c0bcc\bin\Release\net9.0
// BeforeAnythingElse

// Benchmark Process Environment Information:
// BenchmarkDotNet v0.14.0
// Runtime=.NET 9.0.7 (9.0.725.31616), X64 RyuJIT AVX2
// GC=Concurrent Workstation
// HardwareIntrinsics=AVX2,AES,BMI1,BMI2,FMA,LZCNT,PCLMUL,POPCNT,AvxVnni,SERIALIZE VectorSize=256
// Job: Dry(IterationCount=1, LaunchCount=1, RunStrategy=ColdStart, UnrollFactor=1, WarmupCount=1)

// BeforeActualRun
WorkloadActual   1: 1 op, 5511400.00 ns, 5.5114 ms/op

// AfterActualRun
WorkloadResult   1: 1 op, 5511400.00 ns, 5.5114 ms/op
// GC:  0 0 0 15832 1
// Threading:  0 0 1

// AfterAll
// Benchmark Process 53268 has exited with code 0.

Mean = 5.511 ms, StdErr = 0.000 ms (0.00%), N = 1, StdDev = 0.000 ms
Min = 5.511 ms, Q1 = 5.511 ms, Median = 5.511 ms, Q3 = 5.511 ms, Max = 5.511 ms
IQR = 0.000 ms, LowerFence = 5.511 ms, UpperFence = 5.511 ms
ConfidenceInterval = [NaN ms; NaN ms] (CI 99.9%), Margin = NaN ms (NaN% of Mean)
Skewness = NaN, Kurtosis = NaN, MValue = 2

// ** Remained 8 (66.7%) benchmark(s) to run. Estimated finish 2026-08-03 11:26 (0h 0m from now) **
Setup power plan (GUID: 8c5e7fda-e8bf-4a96-9a85-a6e23a8c635c FriendlyName: High performance)
// **************************
// Benchmark: NotificationFanOutBenchmarks.Publish_MediatR_1Handler: Dry(IterationCount=1, LaunchCount=1, RunStrategy=ColdStart, UnrollFactor=1, WarmupCount=1)
// *** Execute ***
// Launch: 1 / 1
// Execute: dotnet 4f16b0c5-f4fa-47b1-a029-0ff89d6c0bcc.dll --anonymousPipes 1300 2120 --benchmarkName Plaxion.BenchMarks.Comparison.NotificationFanOutBenchmarks.Publish_MediatR_1Handler --job Dry --benchmarkId 4 in C:\Users\Angel\RiderProjects\PlaxionMediator\benchmarks-comparison\src\Plaxion.BenchMarks.Comparison\bin\Release\net9.0\4f16b0c5-f4fa-47b1-a029-0ff89d6c0bcc\bin\Release\net9.0
// BeforeAnythingElse

// Benchmark Process Environment Information:
// BenchmarkDotNet v0.14.0
// Runtime=.NET 9.0.7 (9.0.725.31616), X64 RyuJIT AVX2
// GC=Concurrent Workstation
// HardwareIntrinsics=AVX2,AES,BMI1,BMI2,FMA,LZCNT,PCLMUL,POPCNT,AvxVnni,SERIALIZE VectorSize=256
// Job: Dry(IterationCount=1, LaunchCount=1, RunStrategy=ColdStart, UnrollFactor=1, WarmupCount=1)

// BeforeActualRun
WorkloadActual   1: 1 op, 3908000.00 ns, 3.9080 ms/op

// AfterActualRun
WorkloadResult   1: 1 op, 3908000.00 ns, 3.9080 ms/op
// GC:  0 0 0 3360 1
// Threading:  0 0 1

// AfterAll
// Benchmark Process 70672 has exited with code 0.

Mean = 3.908 ms, StdErr = 0.000 ms (0.00%), N = 1, StdDev = 0.000 ms
Min = 3.908 ms, Q1 = 3.908 ms, Median = 3.908 ms, Q3 = 3.908 ms, Max = 3.908 ms
IQR = 0.000 ms, LowerFence = 3.908 ms, UpperFence = 3.908 ms
ConfidenceInterval = [NaN ms; NaN ms] (CI 99.9%), Margin = NaN ms (NaN% of Mean)
Skewness = NaN, Kurtosis = NaN, MValue = 2

// ** Remained 7 (58.3%) benchmark(s) to run. Estimated finish 2026-08-03 11:26 (0h 0m from now) **
Setup power plan (GUID: 8c5e7fda-e8bf-4a96-9a85-a6e23a8c635c FriendlyName: High performance)
// **************************
// Benchmark: NotificationFanOutBenchmarks.Publish_MediatR_10Handlers: Dry(IterationCount=1, LaunchCount=1, RunStrategy=ColdStart, UnrollFactor=1, WarmupCount=1)
// *** Execute ***
// Launch: 1 / 1
// Execute: dotnet 4f16b0c5-f4fa-47b1-a029-0ff89d6c0bcc.dll --anonymousPipes 2816 2820 --benchmarkName Plaxion.BenchMarks.Comparison.NotificationFanOutBenchmarks.Publish_MediatR_10Handlers --job Dry --benchmarkId 5 in C:\Users\Angel\RiderProjects\PlaxionMediator\benchmarks-comparison\src\Plaxion.BenchMarks.Comparison\bin\Release\net9.0\4f16b0c5-f4fa-47b1-a029-0ff89d6c0bcc\bin\Release\net9.0
// BeforeAnythingElse

// Benchmark Process Environment Information:
// BenchmarkDotNet v0.14.0
// Runtime=.NET 9.0.7 (9.0.725.31616), X64 RyuJIT AVX2
// GC=Concurrent Workstation
// HardwareIntrinsics=AVX2,AES,BMI1,BMI2,FMA,LZCNT,PCLMUL,POPCNT,AvxVnni,SERIALIZE VectorSize=256
// Job: Dry(IterationCount=1, LaunchCount=1, RunStrategy=ColdStart, UnrollFactor=1, WarmupCount=1)

// BeforeActualRun
WorkloadActual   1: 1 op, 4139900.00 ns, 4.1399 ms/op

// AfterActualRun
WorkloadResult   1: 1 op, 4139900.00 ns, 4.1399 ms/op
// GC:  0 0 0 5232 1
// Threading:  0 0 1

// AfterAll
// Benchmark Process 47524 has exited with code 0.

Mean = 4.140 ms, StdErr = 0.000 ms (0.00%), N = 1, StdDev = 0.000 ms
Min = 4.140 ms, Q1 = 4.140 ms, Median = 4.140 ms, Q3 = 4.140 ms, Max = 4.140 ms
IQR = 0.000 ms, LowerFence = 4.140 ms, UpperFence = 4.140 ms
ConfidenceInterval = [NaN ms; NaN ms] (CI 99.9%), Margin = NaN ms (NaN% of Mean)
Skewness = NaN, Kurtosis = NaN, MValue = 2

// ** Remained 6 (50.0%) benchmark(s) to run. Estimated finish 2026-08-03 11:26 (0h 0m from now) **
Setup power plan (GUID: 8c5e7fda-e8bf-4a96-9a85-a6e23a8c635c FriendlyName: High performance)
// **************************
// Benchmark: NotificationFanOutBenchmarks.Publish_MediatR_50Handlers: Dry(IterationCount=1, LaunchCount=1, RunStrategy=ColdStart, UnrollFactor=1, WarmupCount=1)
// *** Execute ***
// Launch: 1 / 1
// Execute: dotnet 4f16b0c5-f4fa-47b1-a029-0ff89d6c0bcc.dll --anonymousPipes 3208 2784 --benchmarkName Plaxion.BenchMarks.Comparison.NotificationFanOutBenchmarks.Publish_MediatR_50Handlers --job Dry --benchmarkId 6 in C:\Users\Angel\RiderProjects\PlaxionMediator\benchmarks-comparison\src\Plaxion.BenchMarks.Comparison\bin\Release\net9.0\4f16b0c5-f4fa-47b1-a029-0ff89d6c0bcc\bin\Release\net9.0
// BeforeAnythingElse

// Benchmark Process Environment Information:
// BenchmarkDotNet v0.14.0
// Runtime=.NET 9.0.7 (9.0.725.31616), X64 RyuJIT AVX2
// GC=Concurrent Workstation
// HardwareIntrinsics=AVX2,AES,BMI1,BMI2,FMA,LZCNT,PCLMUL,POPCNT,AvxVnni,SERIALIZE VectorSize=256
// Job: Dry(IterationCount=1, LaunchCount=1, RunStrategy=ColdStart, UnrollFactor=1, WarmupCount=1)

// BeforeActualRun
WorkloadActual   1: 1 op, 4720500.00 ns, 4.7205 ms/op

// AfterActualRun
WorkloadResult   1: 1 op, 4720500.00 ns, 4.7205 ms/op
// GC:  0 0 0 14832 1
// Threading:  0 0 1

// AfterAll
// Benchmark Process 31548 has exited with code 0.

Mean = 4.721 ms, StdErr = 0.000 ms (0.00%), N = 1, StdDev = 0.000 ms
Min = 4.721 ms, Q1 = 4.721 ms, Median = 4.721 ms, Q3 = 4.721 ms, Max = 4.721 ms
IQR = 0.000 ms, LowerFence = 4.721 ms, UpperFence = 4.721 ms
ConfidenceInterval = [NaN ms; NaN ms] (CI 99.9%), Margin = NaN ms (NaN% of Mean)
Skewness = NaN, Kurtosis = NaN, MValue = 2

// ** Remained 5 (41.7%) benchmark(s) to run. Estimated finish 2026-08-03 11:26 (0h 0m from now) **
Setup power plan (GUID: 8c5e7fda-e8bf-4a96-9a85-a6e23a8c635c FriendlyName: High performance)
// **************************
// Benchmark: NotificationFanOutBenchmarks.Publish_MediatR_100Handlers: Dry(IterationCount=1, LaunchCount=1, RunStrategy=ColdStart, UnrollFactor=1, WarmupCount=1)
// *** Execute ***
// Launch: 1 / 1
// Execute: dotnet 4f16b0c5-f4fa-47b1-a029-0ff89d6c0bcc.dll --anonymousPipes 1960 1956 --benchmarkName Plaxion.BenchMarks.Comparison.NotificationFanOutBenchmarks.Publish_MediatR_100Handlers --job Dry --benchmarkId 7 in C:\Users\Angel\RiderProjects\PlaxionMediator\benchmarks-comparison\src\Plaxion.BenchMarks.Comparison\bin\Release\net9.0\4f16b0c5-f4fa-47b1-a029-0ff89d6c0bcc\bin\Release\net9.0
// BeforeAnythingElse

// Benchmark Process Environment Information:
// BenchmarkDotNet v0.14.0
// Runtime=.NET 9.0.7 (9.0.725.31616), X64 RyuJIT AVX2
// GC=Concurrent Workstation
// HardwareIntrinsics=AVX2,AES,BMI1,BMI2,FMA,LZCNT,PCLMUL,POPCNT,AvxVnni,SERIALIZE VectorSize=256
// Job: Dry(IterationCount=1, LaunchCount=1, RunStrategy=ColdStart, UnrollFactor=1, WarmupCount=1)

// BeforeActualRun
WorkloadActual   1: 1 op, 5958900.00 ns, 5.9589 ms/op

// AfterActualRun
WorkloadResult   1: 1 op, 5958900.00 ns, 5.9589 ms/op
// GC:  0 0 0 26832 1
// Threading:  0 0 1

// AfterAll
// Benchmark Process 74392 has exited with code 0.

Mean = 5.959 ms, StdErr = 0.000 ms (0.00%), N = 1, StdDev = 0.000 ms
Min = 5.959 ms, Q1 = 5.959 ms, Median = 5.959 ms, Q3 = 5.959 ms, Max = 5.959 ms
IQR = 0.000 ms, LowerFence = 5.959 ms, UpperFence = 5.959 ms
ConfidenceInterval = [NaN ms; NaN ms] (CI 99.9%), Margin = NaN ms (NaN% of Mean)
Skewness = NaN, Kurtosis = NaN, MValue = 2

// ** Remained 4 (33.3%) benchmark(s) to run. Estimated finish 2026-08-03 11:26 (0h 0m from now) **
Setup power plan (GUID: 8c5e7fda-e8bf-4a96-9a85-a6e23a8c635c FriendlyName: High performance)
// **************************
// Benchmark: NotificationFanOutBenchmarks.Publish_Mediator_1Handler: Dry(IterationCount=1, LaunchCount=1, RunStrategy=ColdStart, UnrollFactor=1, WarmupCount=1)
// *** Execute ***
// Launch: 1 / 1
// Execute: dotnet 4f16b0c5-f4fa-47b1-a029-0ff89d6c0bcc.dll --anonymousPipes 2084 2840 --benchmarkName Plaxion.BenchMarks.Comparison.NotificationFanOutBenchmarks.Publish_Mediator_1Handler --job Dry --benchmarkId 8 in C:\Users\Angel\RiderProjects\PlaxionMediator\benchmarks-comparison\src\Plaxion.BenchMarks.Comparison\bin\Release\net9.0\4f16b0c5-f4fa-47b1-a029-0ff89d6c0bcc\bin\Release\net9.0
// BeforeAnythingElse

// Benchmark Process Environment Information:
// BenchmarkDotNet v0.14.0
// Runtime=.NET 9.0.7 (9.0.725.31616), X64 RyuJIT AVX2
// GC=Concurrent Workstation
// HardwareIntrinsics=AVX2,AES,BMI1,BMI2,FMA,LZCNT,PCLMUL,POPCNT,AvxVnni,SERIALIZE VectorSize=256
// Job: Dry(IterationCount=1, LaunchCount=1, RunStrategy=ColdStart, UnrollFactor=1, WarmupCount=1)

// BeforeActualRun
WorkloadActual   1: 1 op, 10946600.00 ns, 10.9466 ms/op

// AfterActualRun
WorkloadResult   1: 1 op, 10946600.00 ns, 10.9466 ms/op
// GC:  0 0 0 1528 1
// Threading:  0 0 1

// AfterAll
// Benchmark Process 6116 has exited with code 0.

Mean = 10.947 ms, StdErr = 0.000 ms (0.00%), N = 1, StdDev = 0.000 ms
Min = 10.947 ms, Q1 = 10.947 ms, Median = 10.947 ms, Q3 = 10.947 ms, Max = 10.947 ms
IQR = 0.000 ms, LowerFence = 10.947 ms, UpperFence = 10.947 ms
ConfidenceInterval = [NaN ms; NaN ms] (CI 99.9%), Margin = NaN ms (NaN% of Mean)
Skewness = NaN, Kurtosis = NaN, MValue = 2

// ** Remained 3 (25.0%) benchmark(s) to run. Estimated finish 2026-08-03 11:26 (0h 0m from now) **
Setup power plan (GUID: 8c5e7fda-e8bf-4a96-9a85-a6e23a8c635c FriendlyName: High performance)
// **************************
// Benchmark: NotificationFanOutBenchmarks.Publish_Mediator_10Handlers: Dry(IterationCount=1, LaunchCount=1, RunStrategy=ColdStart, UnrollFactor=1, WarmupCount=1)
// *** Execute ***
// Launch: 1 / 1
// Execute: dotnet 4f16b0c5-f4fa-47b1-a029-0ff89d6c0bcc.dll --anonymousPipes 2784 3304 --benchmarkName Plaxion.BenchMarks.Comparison.NotificationFanOutBenchmarks.Publish_Mediator_10Handlers --job Dry --benchmarkId 9 in C:\Users\Angel\RiderProjects\PlaxionMediator\benchmarks-comparison\src\Plaxion.BenchMarks.Comparison\bin\Release\net9.0\4f16b0c5-f4fa-47b1-a029-0ff89d6c0bcc\bin\Release\net9.0
// BeforeAnythingElse

// Benchmark Process Environment Information:
// BenchmarkDotNet v0.14.0
// Runtime=.NET 9.0.7 (9.0.725.31616), X64 RyuJIT AVX2
// GC=Concurrent Workstation
// HardwareIntrinsics=AVX2,AES,BMI1,BMI2,FMA,LZCNT,PCLMUL,POPCNT,AvxVnni,SERIALIZE VectorSize=256
// Job: Dry(IterationCount=1, LaunchCount=1, RunStrategy=ColdStart, UnrollFactor=1, WarmupCount=1)

// BeforeActualRun
WorkloadActual   1: 1 op, 11198400.00 ns, 11.1984 ms/op

// AfterActualRun
WorkloadResult   1: 1 op, 11198400.00 ns, 11.1984 ms/op
// GC:  0 0 0 2608 1
// Threading:  0 0 1

// AfterAll
// Benchmark Process 71452 has exited with code 0.

Mean = 11.198 ms, StdErr = 0.000 ms (0.00%), N = 1, StdDev = 0.000 ms
Min = 11.198 ms, Q1 = 11.198 ms, Median = 11.198 ms, Q3 = 11.198 ms, Max = 11.198 ms
IQR = 0.000 ms, LowerFence = 11.198 ms, UpperFence = 11.198 ms
ConfidenceInterval = [NaN ms; NaN ms] (CI 99.9%), Margin = NaN ms (NaN% of Mean)
Skewness = NaN, Kurtosis = NaN, MValue = 2

// ** Remained 2 (16.7%) benchmark(s) to run. Estimated finish 2026-08-03 11:26 (0h 0m from now) **
Setup power plan (GUID: 8c5e7fda-e8bf-4a96-9a85-a6e23a8c635c FriendlyName: High performance)
// **************************
// Benchmark: NotificationFanOutBenchmarks.Publish_Mediator_50Handlers: Dry(IterationCount=1, LaunchCount=1, RunStrategy=ColdStart, UnrollFactor=1, WarmupCount=1)
// *** Execute ***
// Launch: 1 / 1
// Execute: dotnet 4f16b0c5-f4fa-47b1-a029-0ff89d6c0bcc.dll --anonymousPipes 2084 2124 --benchmarkName Plaxion.BenchMarks.Comparison.NotificationFanOutBenchmarks.Publish_Mediator_50Handlers --job Dry --benchmarkId 10 in C:\Users\Angel\RiderProjects\PlaxionMediator\benchmarks-comparison\src\Plaxion.BenchMarks.Comparison\bin\Release\net9.0\4f16b0c5-f4fa-47b1-a029-0ff89d6c0bcc\bin\Release\net9.0
// BeforeAnythingElse

// Benchmark Process Environment Information:
// BenchmarkDotNet v0.14.0
// Runtime=.NET 9.0.7 (9.0.725.31616), X64 RyuJIT AVX2
// GC=Concurrent Workstation
// HardwareIntrinsics=AVX2,AES,BMI1,BMI2,FMA,LZCNT,PCLMUL,POPCNT,AvxVnni,SERIALIZE VectorSize=256
// Job: Dry(IterationCount=1, LaunchCount=1, RunStrategy=ColdStart, UnrollFactor=1, WarmupCount=1)

// BeforeActualRun
WorkloadActual   1: 1 op, 12350300.00 ns, 12.3503 ms/op

// AfterActualRun
WorkloadResult   1: 1 op, 12350300.00 ns, 12.3503 ms/op
// GC:  0 0 0 7408 1
// Threading:  0 0 1

// AfterAll
// Benchmark Process 23648 has exited with code 0.

Mean = 12.350 ms, StdErr = 0.000 ms (0.00%), N = 1, StdDev = 0.000 ms
Min = 12.350 ms, Q1 = 12.350 ms, Median = 12.350 ms, Q3 = 12.350 ms, Max = 12.350 ms
IQR = 0.000 ms, LowerFence = 12.350 ms, UpperFence = 12.350 ms
ConfidenceInterval = [NaN ms; NaN ms] (CI 99.9%), Margin = NaN ms (NaN% of Mean)
Skewness = NaN, Kurtosis = NaN, MValue = 2

// ** Remained 1 (8.3%) benchmark(s) to run. Estimated finish 2026-08-03 11:26 (0h 0m from now) **
Setup power plan (GUID: 8c5e7fda-e8bf-4a96-9a85-a6e23a8c635c FriendlyName: High performance)
// **************************
// Benchmark: NotificationFanOutBenchmarks.Publish_Mediator_100Handlers: Dry(IterationCount=1, LaunchCount=1, RunStrategy=ColdStart, UnrollFactor=1, WarmupCount=1)
// *** Execute ***
// Launch: 1 / 1
// Execute: dotnet 4f16b0c5-f4fa-47b1-a029-0ff89d6c0bcc.dll --anonymousPipes 3208 2240 --benchmarkName Plaxion.BenchMarks.Comparison.NotificationFanOutBenchmarks.Publish_Mediator_100Handlers --job Dry --benchmarkId 11 in C:\Users\Angel\RiderProjects\PlaxionMediator\benchmarks-comparison\src\Plaxion.BenchMarks.Comparison\bin\Release\net9.0\4f16b0c5-f4fa-47b1-a029-0ff89d6c0bcc\bin\Release\net9.0
// BeforeAnythingElse

// Benchmark Process Environment Information:
// BenchmarkDotNet v0.14.0
// Runtime=.NET 9.0.7 (9.0.725.31616), X64 RyuJIT AVX2
// GC=Concurrent Workstation
// HardwareIntrinsics=AVX2,AES,BMI1,BMI2,FMA,LZCNT,PCLMUL,POPCNT,AvxVnni,SERIALIZE VectorSize=256
// Job: Dry(IterationCount=1, LaunchCount=1, RunStrategy=ColdStart, UnrollFactor=1, WarmupCount=1)

// BeforeActualRun
WorkloadActual   1: 1 op, 13463700.00 ns, 13.4637 ms/op

// AfterActualRun
WorkloadResult   1: 1 op, 13463700.00 ns, 13.4637 ms/op
// GC:  0 0 0 13408 1
// Threading:  0 0 1

// AfterAll
// Benchmark Process 42312 has exited with code 0.

Mean = 13.464 ms, StdErr = 0.000 ms (0.00%), N = 1, StdDev = 0.000 ms
Min = 13.464 ms, Q1 = 13.464 ms, Median = 13.464 ms, Q3 = 13.464 ms, Max = 13.464 ms
IQR = 0.000 ms, LowerFence = 13.464 ms, UpperFence = 13.464 ms
ConfidenceInterval = [NaN ms; NaN ms] (CI 99.9%), Margin = NaN ms (NaN% of Mean)
Skewness = NaN, Kurtosis = NaN, MValue = 2

// ** Remained 0 (0.0%) benchmark(s) to run. Estimated finish 2026-08-03 11:26 (0h 0m from now) **
Successfully reverted power plan (GUID: 381b4222-f694-41f0-9685-ff5bb260df2e FriendlyName: Balanced)
// ***** BenchmarkRunner: Finish  *****

// * Export *
  BenchmarkDotNet.Artifacts\results\Plaxion.BenchMarks.Comparison.NotificationFanOutBenchmarks-report.csv
  BenchmarkDotNet.Artifacts\results\Plaxion.BenchMarks.Comparison.NotificationFanOutBenchmarks-report-github.md
  BenchmarkDotNet.Artifacts\results\Plaxion.BenchMarks.Comparison.NotificationFanOutBenchmarks-report.html

// * Detailed results *
NotificationFanOutBenchmarks.Publish_Plaxion_1Handler: Dry(IterationCount=1, LaunchCount=1, RunStrategy=ColdStart, UnrollFactor=1, WarmupCount=1)
Runtime = .NET 9.0.7 (9.0.725.31616), X64 RyuJIT AVX2; GC = Concurrent Workstation
Mean = 3.522 ms, StdErr = 0.000 ms (0.00%), N = 1, StdDev = 0.000 ms
Min = 3.522 ms, Q1 = 3.522 ms, Median = 3.522 ms, Q3 = 3.522 ms, Max = 3.522 ms
IQR = 0.000 ms, LowerFence = 3.522 ms, UpperFence = 3.522 ms
ConfidenceInterval = [NaN ms; NaN ms] (CI 99.9%), Margin = NaN ms (NaN% of Mean)
Skewness = NaN, Kurtosis = NaN, MValue = 2
-------------------- Histogram --------------------
[3.521 ms ; 3.522 ms) | @
---------------------------------------------------

NotificationFanOutBenchmarks.Publish_MediatR_1Handler: Dry(IterationCount=1, LaunchCount=1, RunStrategy=ColdStart, UnrollFactor=1, WarmupCount=1)
Runtime = .NET 9.0.7 (9.0.725.31616), X64 RyuJIT AVX2; GC = Concurrent Workstation
Mean = 3.908 ms, StdErr = 0.000 ms (0.00%), N = 1, StdDev = 0.000 ms
Min = 3.908 ms, Q1 = 3.908 ms, Median = 3.908 ms, Q3 = 3.908 ms, Max = 3.908 ms
IQR = 0.000 ms, LowerFence = 3.908 ms, UpperFence = 3.908 ms
ConfidenceInterval = [NaN ms; NaN ms] (CI 99.9%), Margin = NaN ms (NaN% of Mean)
Skewness = NaN, Kurtosis = NaN, MValue = 2
-------------------- Histogram --------------------
[3.908 ms ; 3.908 ms) | @
---------------------------------------------------

NotificationFanOutBenchmarks.Publish_MediatR_10Handlers: Dry(IterationCount=1, LaunchCount=1, RunStrategy=ColdStart, UnrollFactor=1, WarmupCount=1)
Runtime = .NET 9.0.7 (9.0.725.31616), X64 RyuJIT AVX2; GC = Concurrent Workstation
Mean = 4.140 ms, StdErr = 0.000 ms (0.00%), N = 1, StdDev = 0.000 ms
Min = 4.140 ms, Q1 = 4.140 ms, Median = 4.140 ms, Q3 = 4.140 ms, Max = 4.140 ms
IQR = 0.000 ms, LowerFence = 4.140 ms, UpperFence = 4.140 ms
ConfidenceInterval = [NaN ms; NaN ms] (CI 99.9%), Margin = NaN ms (NaN% of Mean)
Skewness = NaN, Kurtosis = NaN, MValue = 2
-------------------- Histogram --------------------
[4.140 ms ; 4.140 ms) | @
---------------------------------------------------

NotificationFanOutBenchmarks.Publish_Plaxion_10Handlers: Dry(IterationCount=1, LaunchCount=1, RunStrategy=ColdStart, UnrollFactor=1, WarmupCount=1)
Runtime = .NET 9.0.7 (9.0.725.31616), X64 RyuJIT AVX2; GC = Concurrent Workstation
Mean = 4.391 ms, StdErr = 0.000 ms (0.00%), N = 1, StdDev = 0.000 ms
Min = 4.391 ms, Q1 = 4.391 ms, Median = 4.391 ms, Q3 = 4.391 ms, Max = 4.391 ms
IQR = 0.000 ms, LowerFence = 4.391 ms, UpperFence = 4.391 ms
ConfidenceInterval = [NaN ms; NaN ms] (CI 99.9%), Margin = NaN ms (NaN% of Mean)
Skewness = NaN, Kurtosis = NaN, MValue = 2
-------------------- Histogram --------------------
[4.391 ms ; 4.391 ms) | @
---------------------------------------------------

NotificationFanOutBenchmarks.Publish_MediatR_50Handlers: Dry(IterationCount=1, LaunchCount=1, RunStrategy=ColdStart, UnrollFactor=1, WarmupCount=1)
Runtime = .NET 9.0.7 (9.0.725.31616), X64 RyuJIT AVX2; GC = Concurrent Workstation
Mean = 4.721 ms, StdErr = 0.000 ms (0.00%), N = 1, StdDev = 0.000 ms
Min = 4.721 ms, Q1 = 4.721 ms, Median = 4.721 ms, Q3 = 4.721 ms, Max = 4.721 ms
IQR = 0.000 ms, LowerFence = 4.721 ms, UpperFence = 4.721 ms
ConfidenceInterval = [NaN ms; NaN ms] (CI 99.9%), Margin = NaN ms (NaN% of Mean)
Skewness = NaN, Kurtosis = NaN, MValue = 2
-------------------- Histogram --------------------
[4.720 ms ; 4.721 ms) | @
---------------------------------------------------

NotificationFanOutBenchmarks.Publish_Plaxion_50Handlers: Dry(IterationCount=1, LaunchCount=1, RunStrategy=ColdStart, UnrollFactor=1, WarmupCount=1)
Runtime = .NET 9.0.7 (9.0.725.31616), X64 RyuJIT AVX2; GC = Concurrent Workstation
Mean = 5.010 ms, StdErr = 0.000 ms (0.00%), N = 1, StdDev = 0.000 ms
Min = 5.010 ms, Q1 = 5.010 ms, Median = 5.010 ms, Q3 = 5.010 ms, Max = 5.010 ms
IQR = 0.000 ms, LowerFence = 5.010 ms, UpperFence = 5.010 ms
ConfidenceInterval = [NaN ms; NaN ms] (CI 99.9%), Margin = NaN ms (NaN% of Mean)
Skewness = NaN, Kurtosis = NaN, MValue = 2
-------------------- Histogram --------------------
[5.010 ms ; 5.010 ms) | @
---------------------------------------------------

NotificationFanOutBenchmarks.Publish_Plaxion_100Handlers: Dry(IterationCount=1, LaunchCount=1, RunStrategy=ColdStart, UnrollFactor=1, WarmupCount=1)
Runtime = .NET 9.0.7 (9.0.725.31616), X64 RyuJIT AVX2; GC = Concurrent Workstation
Mean = 5.511 ms, StdErr = 0.000 ms (0.00%), N = 1, StdDev = 0.000 ms
Min = 5.511 ms, Q1 = 5.511 ms, Median = 5.511 ms, Q3 = 5.511 ms, Max = 5.511 ms
IQR = 0.000 ms, LowerFence = 5.511 ms, UpperFence = 5.511 ms
ConfidenceInterval = [NaN ms; NaN ms] (CI 99.9%), Margin = NaN ms (NaN% of Mean)
Skewness = NaN, Kurtosis = NaN, MValue = 2
-------------------- Histogram --------------------
[5.511 ms ; 5.511 ms) | @
---------------------------------------------------

NotificationFanOutBenchmarks.Publish_MediatR_100Handlers: Dry(IterationCount=1, LaunchCount=1, RunStrategy=ColdStart, UnrollFactor=1, WarmupCount=1)
Runtime = .NET 9.0.7 (9.0.725.31616), X64 RyuJIT AVX2; GC = Concurrent Workstation
Mean = 5.959 ms, StdErr = 0.000 ms (0.00%), N = 1, StdDev = 0.000 ms
Min = 5.959 ms, Q1 = 5.959 ms, Median = 5.959 ms, Q3 = 5.959 ms, Max = 5.959 ms
IQR = 0.000 ms, LowerFence = 5.959 ms, UpperFence = 5.959 ms
ConfidenceInterval = [NaN ms; NaN ms] (CI 99.9%), Margin = NaN ms (NaN% of Mean)
Skewness = NaN, Kurtosis = NaN, MValue = 2
-------------------- Histogram --------------------
[5.959 ms ; 5.959 ms) | @
---------------------------------------------------

NotificationFanOutBenchmarks.Publish_Mediator_1Handler: Dry(IterationCount=1, LaunchCount=1, RunStrategy=ColdStart, UnrollFactor=1, WarmupCount=1)
Runtime = .NET 9.0.7 (9.0.725.31616), X64 RyuJIT AVX2; GC = Concurrent Workstation
Mean = 10.947 ms, StdErr = 0.000 ms (0.00%), N = 1, StdDev = 0.000 ms
Min = 10.947 ms, Q1 = 10.947 ms, Median = 10.947 ms, Q3 = 10.947 ms, Max = 10.947 ms
IQR = 0.000 ms, LowerFence = 10.947 ms, UpperFence = 10.947 ms
ConfidenceInterval = [NaN ms; NaN ms] (CI 99.9%), Margin = NaN ms (NaN% of Mean)
Skewness = NaN, Kurtosis = NaN, MValue = 2
-------------------- Histogram --------------------
[10.947 ms ; 10.947 ms) | @
---------------------------------------------------

NotificationFanOutBenchmarks.Publish_Mediator_10Handlers: Dry(IterationCount=1, LaunchCount=1, RunStrategy=ColdStart, UnrollFactor=1, WarmupCount=1)
Runtime = .NET 9.0.7 (9.0.725.31616), X64 RyuJIT AVX2; GC = Concurrent Workstation
Mean = 11.198 ms, StdErr = 0.000 ms (0.00%), N = 1, StdDev = 0.000 ms
Min = 11.198 ms, Q1 = 11.198 ms, Median = 11.198 ms, Q3 = 11.198 ms, Max = 11.198 ms
IQR = 0.000 ms, LowerFence = 11.198 ms, UpperFence = 11.198 ms
ConfidenceInterval = [NaN ms; NaN ms] (CI 99.9%), Margin = NaN ms (NaN% of Mean)
Skewness = NaN, Kurtosis = NaN, MValue = 2
-------------------- Histogram --------------------
[11.198 ms ; 11.198 ms) | @
---------------------------------------------------

NotificationFanOutBenchmarks.Publish_Mediator_50Handlers: Dry(IterationCount=1, LaunchCount=1, RunStrategy=ColdStart, UnrollFactor=1, WarmupCount=1)
Runtime = .NET 9.0.7 (9.0.725.31616), X64 RyuJIT AVX2; GC = Concurrent Workstation
Mean = 12.350 ms, StdErr = 0.000 ms (0.00%), N = 1, StdDev = 0.000 ms
Min = 12.350 ms, Q1 = 12.350 ms, Median = 12.350 ms, Q3 = 12.350 ms, Max = 12.350 ms
IQR = 0.000 ms, LowerFence = 12.350 ms, UpperFence = 12.350 ms
ConfidenceInterval = [NaN ms; NaN ms] (CI 99.9%), Margin = NaN ms (NaN% of Mean)
Skewness = NaN, Kurtosis = NaN, MValue = 2
-------------------- Histogram --------------------
[12.350 ms ; 12.350 ms) | @
---------------------------------------------------

NotificationFanOutBenchmarks.Publish_Mediator_100Handlers: Dry(IterationCount=1, LaunchCount=1, RunStrategy=ColdStart, UnrollFactor=1, WarmupCount=1)
Runtime = .NET 9.0.7 (9.0.725.31616), X64 RyuJIT AVX2; GC = Concurrent Workstation
Mean = 13.464 ms, StdErr = 0.000 ms (0.00%), N = 1, StdDev = 0.000 ms
Min = 13.464 ms, Q1 = 13.464 ms, Median = 13.464 ms, Q3 = 13.464 ms, Max = 13.464 ms
IQR = 0.000 ms, LowerFence = 13.464 ms, UpperFence = 13.464 ms
ConfidenceInterval = [NaN ms; NaN ms] (CI 99.9%), Margin = NaN ms (NaN% of Mean)
Skewness = NaN, Kurtosis = NaN, MValue = 2
-------------------- Histogram --------------------
[13.464 ms ; 13.464 ms) | @
---------------------------------------------------

// * Summary *

BenchmarkDotNet v0.14.0, Windows 11 (10.0.26200.8875)
12th Gen Intel Core i7-12700K, 1 CPU, 20 logical and 12 physical cores
.NET SDK 9.0.202
  [Host] : .NET 9.0.7 (9.0.725.31616), X64 RyuJIT AVX2
  Dry    : .NET 9.0.7 (9.0.725.31616), X64 RyuJIT AVX2

Job=Dry  IterationCount=1  LaunchCount=1  
RunStrategy=ColdStart  UnrollFactor=1  WarmupCount=1  

| Method                       | Mean      | Error | Allocated |
|----------------------------- |----------:|------:|----------:|
| Publish_Plaxion_1Handler     |  3.522 ms |    NA |   1.95 KB |
| Publish_MediatR_1Handler     |  3.908 ms |    NA |   3.28 KB |
| Publish_MediatR_10Handlers   |  4.140 ms |    NA |   5.11 KB |
| Publish_Plaxion_10Handlers   |  4.391 ms |    NA |   3.92 KB |
| Publish_MediatR_50Handlers   |  4.721 ms |    NA |  14.48 KB |
| Publish_Plaxion_50Handlers   |  5.010 ms |    NA |   8.36 KB |
| Publish_Plaxion_100Handlers  |  5.511 ms |    NA |  15.46 KB |
| Publish_MediatR_100Handlers  |  5.959 ms |    NA |   26.2 KB |
| Publish_Mediator_1Handler    | 10.947 ms |    NA |   1.49 KB |
| Publish_Mediator_10Handlers  | 11.198 ms |    NA |   2.55 KB |
| Publish_Mediator_50Handlers  | 12.350 ms |    NA |   7.23 KB |
| Publish_Mediator_100Handlers | 13.464 ms |    NA |  13.09 KB |

// * Warnings *
MinIterationTime
  NotificationFanOutBenchmarks.Publish_Plaxion_1Handler: Dry     -> The minimum observed iteration time is 3.522ms which is very small. It's recommended to increase it to at least 100ms using more operations.
  NotificationFanOutBenchmarks.Publish_MediatR_1Handler: Dry     -> The minimum observed iteration time is 3.908ms which is very small. It's recommended to increase it to at least 100ms using more operations.
  NotificationFanOutBenchmarks.Publish_MediatR_10Handlers: Dry   -> The minimum observed iteration time is 4.14ms which is very small. It's recommended to increase it to at least 100ms using more operations.
  NotificationFanOutBenchmarks.Publish_Plaxion_10Handlers: Dry   -> The minimum observed iteration time is 4.391ms which is very small. It's recommended to increase it to at least 100ms using more operations.
  NotificationFanOutBenchmarks.Publish_MediatR_50Handlers: Dry   -> The minimum observed iteration time is 4.721ms which is very small. It's recommended to increase it to at least 100ms using more operations.
  NotificationFanOutBenchmarks.Publish_Plaxion_50Handlers: Dry   -> The minimum observed iteration time is 5.01ms which is very small. It's recommended to increase it to at least 100ms using more operations.
  NotificationFanOutBenchmarks.Publish_Plaxion_100Handlers: Dry  -> The minimum observed iteration time is 5.511ms which is very small. It's recommended to increase it to at least 100ms using more operations.
  NotificationFanOutBenchmarks.Publish_MediatR_100Handlers: Dry  -> The minimum observed iteration time is 5.959ms which is very small. It's recommended to increase it to at least 100ms using more operations.
  NotificationFanOutBenchmarks.Publish_Mediator_1Handler: Dry    -> The minimum observed iteration time is 10.947ms which is very small. It's recommended to increase it to at least 100ms using more operations.
  NotificationFanOutBenchmarks.Publish_Mediator_10Handlers: Dry  -> The minimum observed iteration time is 11.198ms which is very small. It's recommended to increase it to at least 100ms using more operations.
  NotificationFanOutBenchmarks.Publish_Mediator_50Handlers: Dry  -> The minimum observed iteration time is 12.35ms which is very small. It's recommended to increase it to at least 100ms using more operations.
  NotificationFanOutBenchmarks.Publish_Mediator_100Handlers: Dry -> The minimum observed iteration time is 13.464ms which is very small. It's recommended to increase it to at least 100ms using more operations.

// * Legends *
  Mean      : Arithmetic mean of all measurements
  Error     : Half of 99.9% confidence interval
  Allocated : Allocated memory per single operation (managed only, inclusive, 1KB = 1024B)
  1 ms      : 1 Millisecond (0.001 sec)

// * Diagnostic Output - MemoryDiagnoser *


// ***** BenchmarkRunner: End *****
Run time: 00:00:03 (3.62 sec), executed benchmarks: 12

Global total time: 00:00:23 (23.17 sec), executed benchmarks: 12
// * Artifacts cleanup *
Artifacts cleanup is finished
