// Validating benchmarks:
// ***** BenchmarkRunner: Start   *****
// ***** Found 15 benchmark(s) in total *****
// ***** Building 1 exe(s) in Parallel: Start   *****
// start dotnet  restore /p:UseSharedCompilation=false /p:BuildInParallel=false /m:1 /p:Deterministic=true /p:Optimize=true /p:IntermediateOutputPath="C:\Users\Angel\RiderProjects\PlaxionMediator\benchmarks-comparison\src\Plaxion.BenchMarks.Comparison\bin\Release\net9.0\95897d7e-234b-441a-badd-15c1c9ce25e7\obj\Release\net9.0/" /p:OutDir="C:\Users\Angel\RiderProjects\PlaxionMediator\benchmarks-comparison\src\Plaxion.BenchMarks.Comparison\bin\Release\net9.0\95897d7e-234b-441a-badd-15c1c9ce25e7\bin\Release\net9.0/" /p:OutputPath="C:\Users\Angel\RiderProjects\PlaxionMediator\benchmarks-comparison\src\Plaxion.BenchMarks.Comparison\bin\Release\net9.0\95897d7e-234b-441a-badd-15c1c9ce25e7\bin\Release\net9.0/" in C:\Users\Angel\RiderProjects\PlaxionMediator\benchmarks-comparison\src\Plaxion.BenchMarks.Comparison\bin\Release\net9.0\95897d7e-234b-441a-badd-15c1c9ce25e7
// command took 1.11 sec and exited with 0
// start dotnet  build -c Release --no-restore /p:UseSharedCompilation=false /p:BuildInParallel=false /m:1 /p:Deterministic=true /p:Optimize=true /p:IntermediateOutputPath="C:\Users\Angel\RiderProjects\PlaxionMediator\benchmarks-comparison\src\Plaxion.BenchMarks.Comparison\bin\Release\net9.0\95897d7e-234b-441a-badd-15c1c9ce25e7\obj\Release\net9.0/" /p:OutDir="C:\Users\Angel\RiderProjects\PlaxionMediator\benchmarks-comparison\src\Plaxion.BenchMarks.Comparison\bin\Release\net9.0\95897d7e-234b-441a-badd-15c1c9ce25e7\bin\Release\net9.0/" /p:OutputPath="C:\Users\Angel\RiderProjects\PlaxionMediator\benchmarks-comparison\src\Plaxion.BenchMarks.Comparison\bin\Release\net9.0\95897d7e-234b-441a-badd-15c1c9ce25e7\bin\Release\net9.0/" --output "C:\Users\Angel\RiderProjects\PlaxionMediator\benchmarks-comparison\src\Plaxion.BenchMarks.Comparison\bin\Release\net9.0\95897d7e-234b-441a-badd-15c1c9ce25e7\bin\Release\net9.0/" in C:\Users\Angel\RiderProjects\PlaxionMediator\benchmarks-comparison\src\Plaxion.BenchMarks.Comparison\bin\Release\net9.0\95897d7e-234b-441a-badd-15c1c9ce25e7
// command took 18.17 sec and exited with 0
// ***** Done, took 00:00:19 (19.42 sec)   *****
// Found 15 benchmarks:
//   PipelineBehaviorBenchmarks.Send_Plaxion_0Behaviors: Dry(IterationCount=1, LaunchCount=1, RunStrategy=ColdStart, UnrollFactor=1, WarmupCount=1)
//   PipelineBehaviorBenchmarks.Send_Plaxion_1Behavior: Dry(IterationCount=1, LaunchCount=1, RunStrategy=ColdStart, UnrollFactor=1, WarmupCount=1)
//   PipelineBehaviorBenchmarks.Send_Plaxion_5Behaviors: Dry(IterationCount=1, LaunchCount=1, RunStrategy=ColdStart, UnrollFactor=1, WarmupCount=1)
//   PipelineBehaviorBenchmarks.Send_Plaxion_10Behaviors: Dry(IterationCount=1, LaunchCount=1, RunStrategy=ColdStart, UnrollFactor=1, WarmupCount=1)
//   PipelineBehaviorBenchmarks.Send_Plaxion_20Behaviors: Dry(IterationCount=1, LaunchCount=1, RunStrategy=ColdStart, UnrollFactor=1, WarmupCount=1)
//   PipelineBehaviorBenchmarks.Send_MediatR_0Behaviors: Dry(IterationCount=1, LaunchCount=1, RunStrategy=ColdStart, UnrollFactor=1, WarmupCount=1)
//   PipelineBehaviorBenchmarks.Send_MediatR_1Behavior: Dry(IterationCount=1, LaunchCount=1, RunStrategy=ColdStart, UnrollFactor=1, WarmupCount=1)
//   PipelineBehaviorBenchmarks.Send_MediatR_5Behaviors: Dry(IterationCount=1, LaunchCount=1, RunStrategy=ColdStart, UnrollFactor=1, WarmupCount=1)
//   PipelineBehaviorBenchmarks.Send_MediatR_10Behaviors: Dry(IterationCount=1, LaunchCount=1, RunStrategy=ColdStart, UnrollFactor=1, WarmupCount=1)
//   PipelineBehaviorBenchmarks.Send_MediatR_20Behaviors: Dry(IterationCount=1, LaunchCount=1, RunStrategy=ColdStart, UnrollFactor=1, WarmupCount=1)
//   PipelineBehaviorBenchmarks.Send_Mediator_0Behaviors: Dry(IterationCount=1, LaunchCount=1, RunStrategy=ColdStart, UnrollFactor=1, WarmupCount=1)
//   PipelineBehaviorBenchmarks.Send_Mediator_1Behavior: Dry(IterationCount=1, LaunchCount=1, RunStrategy=ColdStart, UnrollFactor=1, WarmupCount=1)
//   PipelineBehaviorBenchmarks.Send_Mediator_5Behaviors: Dry(IterationCount=1, LaunchCount=1, RunStrategy=ColdStart, UnrollFactor=1, WarmupCount=1)
//   PipelineBehaviorBenchmarks.Send_Mediator_10Behaviors: Dry(IterationCount=1, LaunchCount=1, RunStrategy=ColdStart, UnrollFactor=1, WarmupCount=1)
//   PipelineBehaviorBenchmarks.Send_Mediator_20Behaviors: Dry(IterationCount=1, LaunchCount=1, RunStrategy=ColdStart, UnrollFactor=1, WarmupCount=1)

Setup power plan (GUID: 8c5e7fda-e8bf-4a96-9a85-a6e23a8c635c FriendlyName: High performance)
// **************************
// Benchmark: PipelineBehaviorBenchmarks.Send_Plaxion_0Behaviors: Dry(IterationCount=1, LaunchCount=1, RunStrategy=ColdStart, UnrollFactor=1, WarmupCount=1)
// *** Execute ***
// Launch: 1 / 1
// Execute: dotnet 95897d7e-234b-441a-badd-15c1c9ce25e7.dll --anonymousPipes 1968 1584 --benchmarkName Plaxion.BenchMarks.Comparison.PipelineBehaviorBenchmarks.Send_Plaxion_0Behaviors --job Dry --benchmarkId 0 in C:\Users\Angel\RiderProjects\PlaxionMediator\benchmarks-comparison\src\Plaxion.BenchMarks.Comparison\bin\Release\net9.0\95897d7e-234b-441a-badd-15c1c9ce25e7\bin\Release\net9.0
// BeforeAnythingElse

// Benchmark Process Environment Information:
// BenchmarkDotNet v0.14.0
// Runtime=.NET 9.0.7 (9.0.725.31616), X64 RyuJIT AVX2
// GC=Concurrent Workstation
// HardwareIntrinsics=AVX2,AES,BMI1,BMI2,FMA,LZCNT,PCLMUL,POPCNT,AvxVnni,SERIALIZE VectorSize=256
// Job: Dry(IterationCount=1, LaunchCount=1, RunStrategy=ColdStart, UnrollFactor=1, WarmupCount=1)

// BeforeActualRun
WorkloadActual   1: 1 op, 3811200.00 ns, 3.8112 ms/op

// AfterActualRun
WorkloadResult   1: 1 op, 3811200.00 ns, 3.8112 ms/op
// GC:  0 0 0 1512 1
// Threading:  0 0 1

// AfterAll
// Benchmark Process 71012 has exited with code 0.

Mean = 3.811 ms, StdErr = 0.000 ms (0.00%), N = 1, StdDev = 0.000 ms
Min = 3.811 ms, Q1 = 3.811 ms, Median = 3.811 ms, Q3 = 3.811 ms, Max = 3.811 ms
IQR = 0.000 ms, LowerFence = 3.811 ms, UpperFence = 3.811 ms
ConfidenceInterval = [NaN ms; NaN ms] (CI 99.9%), Margin = NaN ms (NaN% of Mean)
Skewness = NaN, Kurtosis = NaN, MValue = 2

// ** Remained 14 (93.3%) benchmark(s) to run. Estimated finish 2026-08-03 11:23 (0h 0m from now) **
Setup power plan (GUID: 8c5e7fda-e8bf-4a96-9a85-a6e23a8c635c FriendlyName: High performance)
// **************************
// Benchmark: PipelineBehaviorBenchmarks.Send_Plaxion_1Behavior: Dry(IterationCount=1, LaunchCount=1, RunStrategy=ColdStart, UnrollFactor=1, WarmupCount=1)
// *** Execute ***
// Launch: 1 / 1
// Execute: dotnet 95897d7e-234b-441a-badd-15c1c9ce25e7.dll --anonymousPipes 2548 2024 --benchmarkName Plaxion.BenchMarks.Comparison.PipelineBehaviorBenchmarks.Send_Plaxion_1Behavior --job Dry --benchmarkId 1 in C:\Users\Angel\RiderProjects\PlaxionMediator\benchmarks-comparison\src\Plaxion.BenchMarks.Comparison\bin\Release\net9.0\95897d7e-234b-441a-badd-15c1c9ce25e7\bin\Release\net9.0
// BeforeAnythingElse

// Benchmark Process Environment Information:
// BenchmarkDotNet v0.14.0
// Runtime=.NET 9.0.7 (9.0.725.31616), X64 RyuJIT AVX2
// GC=Concurrent Workstation
// HardwareIntrinsics=AVX2,AES,BMI1,BMI2,FMA,LZCNT,PCLMUL,POPCNT,AvxVnni,SERIALIZE VectorSize=256
// Job: Dry(IterationCount=1, LaunchCount=1, RunStrategy=ColdStart, UnrollFactor=1, WarmupCount=1)

// BeforeActualRun
WorkloadActual   1: 1 op, 6098600.00 ns, 6.0986 ms/op

// AfterActualRun
WorkloadResult   1: 1 op, 6098600.00 ns, 6.0986 ms/op
// GC:  0 0 0 2336 1
// Threading:  0 0 1

// AfterAll
// Benchmark Process 30568 has exited with code 0.

Mean = 6.099 ms, StdErr = 0.000 ms (0.00%), N = 1, StdDev = 0.000 ms
Min = 6.099 ms, Q1 = 6.099 ms, Median = 6.099 ms, Q3 = 6.099 ms, Max = 6.099 ms
IQR = 0.000 ms, LowerFence = 6.099 ms, UpperFence = 6.099 ms
ConfidenceInterval = [NaN ms; NaN ms] (CI 99.9%), Margin = NaN ms (NaN% of Mean)
Skewness = NaN, Kurtosis = NaN, MValue = 2

// ** Remained 13 (86.7%) benchmark(s) to run. Estimated finish 2026-08-03 11:23 (0h 0m from now) **
Setup power plan (GUID: 8c5e7fda-e8bf-4a96-9a85-a6e23a8c635c FriendlyName: High performance)
// **************************
// Benchmark: PipelineBehaviorBenchmarks.Send_Plaxion_5Behaviors: Dry(IterationCount=1, LaunchCount=1, RunStrategy=ColdStart, UnrollFactor=1, WarmupCount=1)
// *** Execute ***
// Launch: 1 / 1
// Execute: dotnet 95897d7e-234b-441a-badd-15c1c9ce25e7.dll --anonymousPipes 2992 3268 --benchmarkName Plaxion.BenchMarks.Comparison.PipelineBehaviorBenchmarks.Send_Plaxion_5Behaviors --job Dry --benchmarkId 2 in C:\Users\Angel\RiderProjects\PlaxionMediator\benchmarks-comparison\src\Plaxion.BenchMarks.Comparison\bin\Release\net9.0\95897d7e-234b-441a-badd-15c1c9ce25e7\bin\Release\net9.0
// BeforeAnythingElse

// Benchmark Process Environment Information:
// BenchmarkDotNet v0.14.0
// Runtime=.NET 9.0.7 (9.0.725.31616), X64 RyuJIT AVX2
// GC=Concurrent Workstation
// HardwareIntrinsics=AVX2,AES,BMI1,BMI2,FMA,LZCNT,PCLMUL,POPCNT,AvxVnni,SERIALIZE VectorSize=256
// Job: Dry(IterationCount=1, LaunchCount=1, RunStrategy=ColdStart, UnrollFactor=1, WarmupCount=1)

// BeforeActualRun
WorkloadActual   1: 1 op, 8396800.00 ns, 8.3968 ms/op

// AfterActualRun
WorkloadResult   1: 1 op, 8396800.00 ns, 8.3968 ms/op
// GC:  0 0 0 3776 1
// Threading:  0 0 1

// AfterAll
// Benchmark Process 60916 has exited with code 0.

Mean = 8.397 ms, StdErr = 0.000 ms (0.00%), N = 1, StdDev = 0.000 ms
Min = 8.397 ms, Q1 = 8.397 ms, Median = 8.397 ms, Q3 = 8.397 ms, Max = 8.397 ms
IQR = 0.000 ms, LowerFence = 8.397 ms, UpperFence = 8.397 ms
ConfidenceInterval = [NaN ms; NaN ms] (CI 99.9%), Margin = NaN ms (NaN% of Mean)
Skewness = NaN, Kurtosis = NaN, MValue = 2

// ** Remained 12 (80.0%) benchmark(s) to run. Estimated finish 2026-08-03 11:23 (0h 0m from now) **
Setup power plan (GUID: 8c5e7fda-e8bf-4a96-9a85-a6e23a8c635c FriendlyName: High performance)
// **************************
// Benchmark: PipelineBehaviorBenchmarks.Send_Plaxion_10Behaviors: Dry(IterationCount=1, LaunchCount=1, RunStrategy=ColdStart, UnrollFactor=1, WarmupCount=1)
// *** Execute ***
// Launch: 1 / 1
// Execute: dotnet 95897d7e-234b-441a-badd-15c1c9ce25e7.dll --anonymousPipes 3016 3244 --benchmarkName Plaxion.BenchMarks.Comparison.PipelineBehaviorBenchmarks.Send_Plaxion_10Behaviors --job Dry --benchmarkId 3 in C:\Users\Angel\RiderProjects\PlaxionMediator\benchmarks-comparison\src\Plaxion.BenchMarks.Comparison\bin\Release\net9.0\95897d7e-234b-441a-badd-15c1c9ce25e7\bin\Release\net9.0
// BeforeAnythingElse

// Benchmark Process Environment Information:
// BenchmarkDotNet v0.14.0
// Runtime=.NET 9.0.7 (9.0.725.31616), X64 RyuJIT AVX2
// GC=Concurrent Workstation
// HardwareIntrinsics=AVX2,AES,BMI1,BMI2,FMA,LZCNT,PCLMUL,POPCNT,AvxVnni,SERIALIZE VectorSize=256
// Job: Dry(IterationCount=1, LaunchCount=1, RunStrategy=ColdStart, UnrollFactor=1, WarmupCount=1)

// BeforeActualRun
WorkloadActual   1: 1 op, 10187500.00 ns, 10.1875 ms/op

// AfterActualRun
WorkloadResult   1: 1 op, 10187500.00 ns, 10.1875 ms/op
// GC:  0 0 0 4104 1
// Threading:  0 0 1

// AfterAll
// Benchmark Process 28912 has exited with code 0.

Mean = 10.188 ms, StdErr = 0.000 ms (0.00%), N = 1, StdDev = 0.000 ms
Min = 10.188 ms, Q1 = 10.188 ms, Median = 10.188 ms, Q3 = 10.188 ms, Max = 10.188 ms
IQR = 0.000 ms, LowerFence = 10.188 ms, UpperFence = 10.188 ms
ConfidenceInterval = [NaN ms; NaN ms] (CI 99.9%), Margin = NaN ms (NaN% of Mean)
Skewness = NaN, Kurtosis = NaN, MValue = 2

// ** Remained 11 (73.3%) benchmark(s) to run. Estimated finish 2026-08-03 11:23 (0h 0m from now) **
Setup power plan (GUID: 8c5e7fda-e8bf-4a96-9a85-a6e23a8c635c FriendlyName: High performance)
// **************************
// Benchmark: PipelineBehaviorBenchmarks.Send_Plaxion_20Behaviors: Dry(IterationCount=1, LaunchCount=1, RunStrategy=ColdStart, UnrollFactor=1, WarmupCount=1)
// *** Execute ***
// Launch: 1 / 1
// Execute: dotnet 95897d7e-234b-441a-badd-15c1c9ce25e7.dll --anonymousPipes 3016 3244 --benchmarkName Plaxion.BenchMarks.Comparison.PipelineBehaviorBenchmarks.Send_Plaxion_20Behaviors --job Dry --benchmarkId 4 in C:\Users\Angel\RiderProjects\PlaxionMediator\benchmarks-comparison\src\Plaxion.BenchMarks.Comparison\bin\Release\net9.0\95897d7e-234b-441a-badd-15c1c9ce25e7\bin\Release\net9.0
// BeforeAnythingElse

// Benchmark Process Environment Information:
// BenchmarkDotNet v0.14.0
// Runtime=.NET 9.0.7 (9.0.725.31616), X64 RyuJIT AVX2
// GC=Concurrent Workstation
// HardwareIntrinsics=AVX2,AES,BMI1,BMI2,FMA,LZCNT,PCLMUL,POPCNT,AvxVnni,SERIALIZE VectorSize=256
// Job: Dry(IterationCount=1, LaunchCount=1, RunStrategy=ColdStart, UnrollFactor=1, WarmupCount=1)

// BeforeActualRun
WorkloadActual   1: 1 op, 14560000.00 ns, 14.5600 ms/op

// AfterActualRun
WorkloadResult   1: 1 op, 14560000.00 ns, 14.5600 ms/op
// GC:  0 0 0 7376 1
// Threading:  0 0 1

// AfterAll
// Benchmark Process 26828 has exited with code 0.

Mean = 14.560 ms, StdErr = 0.000 ms (0.00%), N = 1, StdDev = 0.000 ms
Min = 14.560 ms, Q1 = 14.560 ms, Median = 14.560 ms, Q3 = 14.560 ms, Max = 14.560 ms
IQR = 0.000 ms, LowerFence = 14.560 ms, UpperFence = 14.560 ms
ConfidenceInterval = [NaN ms; NaN ms] (CI 99.9%), Margin = NaN ms (NaN% of Mean)
Skewness = NaN, Kurtosis = NaN, MValue = 2

// ** Remained 10 (66.7%) benchmark(s) to run. Estimated finish 2026-08-03 11:23 (0h 0m from now) **
Setup power plan (GUID: 8c5e7fda-e8bf-4a96-9a85-a6e23a8c635c FriendlyName: High performance)
// **************************
// Benchmark: PipelineBehaviorBenchmarks.Send_MediatR_0Behaviors: Dry(IterationCount=1, LaunchCount=1, RunStrategy=ColdStart, UnrollFactor=1, WarmupCount=1)
// *** Execute ***
// Launch: 1 / 1
// Execute: dotnet 95897d7e-234b-441a-badd-15c1c9ce25e7.dll --anonymousPipes 2940 3036 --benchmarkName Plaxion.BenchMarks.Comparison.PipelineBehaviorBenchmarks.Send_MediatR_0Behaviors --job Dry --benchmarkId 5 in C:\Users\Angel\RiderProjects\PlaxionMediator\benchmarks-comparison\src\Plaxion.BenchMarks.Comparison\bin\Release\net9.0\95897d7e-234b-441a-badd-15c1c9ce25e7\bin\Release\net9.0
// BeforeAnythingElse

// Benchmark Process Environment Information:
// BenchmarkDotNet v0.14.0
// Runtime=.NET 9.0.7 (9.0.725.31616), X64 RyuJIT AVX2
// GC=Concurrent Workstation
// HardwareIntrinsics=AVX2,AES,BMI1,BMI2,FMA,LZCNT,PCLMUL,POPCNT,AvxVnni,SERIALIZE VectorSize=256
// Job: Dry(IterationCount=1, LaunchCount=1, RunStrategy=ColdStart, UnrollFactor=1, WarmupCount=1)

// BeforeActualRun
WorkloadActual   1: 1 op, 2511300.00 ns, 2.5113 ms/op

// AfterActualRun
WorkloadResult   1: 1 op, 2511300.00 ns, 2.5113 ms/op
// GC:  0 0 0 3272 1
// Threading:  0 0 1

// AfterAll
// Benchmark Process 3568 has exited with code 0.

Mean = 2.511 ms, StdErr = 0.000 ms (0.00%), N = 1, StdDev = 0.000 ms
Min = 2.511 ms, Q1 = 2.511 ms, Median = 2.511 ms, Q3 = 2.511 ms, Max = 2.511 ms
IQR = 0.000 ms, LowerFence = 2.511 ms, UpperFence = 2.511 ms
ConfidenceInterval = [NaN ms; NaN ms] (CI 99.9%), Margin = NaN ms (NaN% of Mean)
Skewness = NaN, Kurtosis = NaN, MValue = 2

// ** Remained 9 (60.0%) benchmark(s) to run. Estimated finish 2026-08-03 11:23 (0h 0m from now) **
Setup power plan (GUID: 8c5e7fda-e8bf-4a96-9a85-a6e23a8c635c FriendlyName: High performance)
// **************************
// Benchmark: PipelineBehaviorBenchmarks.Send_MediatR_1Behavior: Dry(IterationCount=1, LaunchCount=1, RunStrategy=ColdStart, UnrollFactor=1, WarmupCount=1)
// *** Execute ***
// Launch: 1 / 1
// Execute: dotnet 95897d7e-234b-441a-badd-15c1c9ce25e7.dll --anonymousPipes 2908 2912 --benchmarkName Plaxion.BenchMarks.Comparison.PipelineBehaviorBenchmarks.Send_MediatR_1Behavior --job Dry --benchmarkId 6 in C:\Users\Angel\RiderProjects\PlaxionMediator\benchmarks-comparison\src\Plaxion.BenchMarks.Comparison\bin\Release\net9.0\95897d7e-234b-441a-badd-15c1c9ce25e7\bin\Release\net9.0
// BeforeAnythingElse

// Benchmark Process Environment Information:
// BenchmarkDotNet v0.14.0
// Runtime=.NET 9.0.7 (9.0.725.31616), X64 RyuJIT AVX2
// GC=Concurrent Workstation
// HardwareIntrinsics=AVX2,AES,BMI1,BMI2,FMA,LZCNT,PCLMUL,POPCNT,AvxVnni,SERIALIZE VectorSize=256
// Job: Dry(IterationCount=1, LaunchCount=1, RunStrategy=ColdStart, UnrollFactor=1, WarmupCount=1)

// BeforeActualRun
WorkloadActual   1: 1 op, 3605400.00 ns, 3.6054 ms/op

// AfterActualRun
WorkloadResult   1: 1 op, 3605400.00 ns, 3.6054 ms/op
// GC:  0 0 0 3944 1
// Threading:  0 0 1

// AfterAll
// Benchmark Process 67260 has exited with code 0.

Mean = 3.605 ms, StdErr = 0.000 ms (0.00%), N = 1, StdDev = 0.000 ms
Min = 3.605 ms, Q1 = 3.605 ms, Median = 3.605 ms, Q3 = 3.605 ms, Max = 3.605 ms
IQR = 0.000 ms, LowerFence = 3.605 ms, UpperFence = 3.605 ms
ConfidenceInterval = [NaN ms; NaN ms] (CI 99.9%), Margin = NaN ms (NaN% of Mean)
Skewness = NaN, Kurtosis = NaN, MValue = 2

// ** Remained 8 (53.3%) benchmark(s) to run. Estimated finish 2026-08-03 11:23 (0h 0m from now) **
Setup power plan (GUID: 8c5e7fda-e8bf-4a96-9a85-a6e23a8c635c FriendlyName: High performance)
// **************************
// Benchmark: PipelineBehaviorBenchmarks.Send_MediatR_5Behaviors: Dry(IterationCount=1, LaunchCount=1, RunStrategy=ColdStart, UnrollFactor=1, WarmupCount=1)
// *** Execute ***
// Launch: 1 / 1
// Execute: dotnet 95897d7e-234b-441a-badd-15c1c9ce25e7.dll --anonymousPipes 2888 2956 --benchmarkName Plaxion.BenchMarks.Comparison.PipelineBehaviorBenchmarks.Send_MediatR_5Behaviors --job Dry --benchmarkId 7 in C:\Users\Angel\RiderProjects\PlaxionMediator\benchmarks-comparison\src\Plaxion.BenchMarks.Comparison\bin\Release\net9.0\95897d7e-234b-441a-badd-15c1c9ce25e7\bin\Release\net9.0
// BeforeAnythingElse

// Benchmark Process Environment Information:
// BenchmarkDotNet v0.14.0
// Runtime=.NET 9.0.7 (9.0.725.31616), X64 RyuJIT AVX2
// GC=Concurrent Workstation
// HardwareIntrinsics=AVX2,AES,BMI1,BMI2,FMA,LZCNT,PCLMUL,POPCNT,AvxVnni,SERIALIZE VectorSize=256
// Job: Dry(IterationCount=1, LaunchCount=1, RunStrategy=ColdStart, UnrollFactor=1, WarmupCount=1)

// BeforeActualRun
WorkloadActual   1: 1 op, 6259900.00 ns, 6.2599 ms/op

// AfterActualRun
WorkloadResult   1: 1 op, 6259900.00 ns, 6.2599 ms/op
// GC:  0 0 0 4904 1
// Threading:  0 0 1

// AfterAll
// Benchmark Process 43764 has exited with code 0.

Mean = 6.260 ms, StdErr = 0.000 ms (0.00%), N = 1, StdDev = 0.000 ms
Min = 6.260 ms, Q1 = 6.260 ms, Median = 6.260 ms, Q3 = 6.260 ms, Max = 6.260 ms
IQR = 0.000 ms, LowerFence = 6.260 ms, UpperFence = 6.260 ms
ConfidenceInterval = [NaN ms; NaN ms] (CI 99.9%), Margin = NaN ms (NaN% of Mean)
Skewness = NaN, Kurtosis = NaN, MValue = 2

// ** Remained 7 (46.7%) benchmark(s) to run. Estimated finish 2026-08-03 11:23 (0h 0m from now) **
Setup power plan (GUID: 8c5e7fda-e8bf-4a96-9a85-a6e23a8c635c FriendlyName: High performance)
// **************************
// Benchmark: PipelineBehaviorBenchmarks.Send_MediatR_10Behaviors: Dry(IterationCount=1, LaunchCount=1, RunStrategy=ColdStart, UnrollFactor=1, WarmupCount=1)
// *** Execute ***
// Launch: 1 / 1
// Execute: dotnet 95897d7e-234b-441a-badd-15c1c9ce25e7.dll --anonymousPipes 2940 3036 --benchmarkName Plaxion.BenchMarks.Comparison.PipelineBehaviorBenchmarks.Send_MediatR_10Behaviors --job Dry --benchmarkId 8 in C:\Users\Angel\RiderProjects\PlaxionMediator\benchmarks-comparison\src\Plaxion.BenchMarks.Comparison\bin\Release\net9.0\95897d7e-234b-441a-badd-15c1c9ce25e7\bin\Release\net9.0
// BeforeAnythingElse

// Benchmark Process Environment Information:
// BenchmarkDotNet v0.14.0
// Runtime=.NET 9.0.7 (9.0.725.31616), X64 RyuJIT AVX2
// GC=Concurrent Workstation
// HardwareIntrinsics=AVX2,AES,BMI1,BMI2,FMA,LZCNT,PCLMUL,POPCNT,AvxVnni,SERIALIZE VectorSize=256
// Job: Dry(IterationCount=1, LaunchCount=1, RunStrategy=ColdStart, UnrollFactor=1, WarmupCount=1)

// BeforeActualRun
WorkloadActual   1: 1 op, 7850000.00 ns, 7.8500 ms/op

// AfterActualRun
WorkloadResult   1: 1 op, 7850000.00 ns, 7.8500 ms/op
// GC:  0 0 0 6464 1
// Threading:  0 0 1

// AfterAll
// Benchmark Process 45684 has exited with code 0.

Mean = 7.850 ms, StdErr = 0.000 ms (0.00%), N = 1, StdDev = 0.000 ms
Min = 7.850 ms, Q1 = 7.850 ms, Median = 7.850 ms, Q3 = 7.850 ms, Max = 7.850 ms
IQR = 0.000 ms, LowerFence = 7.850 ms, UpperFence = 7.850 ms
ConfidenceInterval = [NaN ms; NaN ms] (CI 99.9%), Margin = NaN ms (NaN% of Mean)
Skewness = NaN, Kurtosis = NaN, MValue = 2

// ** Remained 6 (40.0%) benchmark(s) to run. Estimated finish 2026-08-03 11:23 (0h 0m from now) **
Setup power plan (GUID: 8c5e7fda-e8bf-4a96-9a85-a6e23a8c635c FriendlyName: High performance)
// **************************
// Benchmark: PipelineBehaviorBenchmarks.Send_MediatR_20Behaviors: Dry(IterationCount=1, LaunchCount=1, RunStrategy=ColdStart, UnrollFactor=1, WarmupCount=1)
// *** Execute ***
// Launch: 1 / 1
// Execute: dotnet 95897d7e-234b-441a-badd-15c1c9ce25e7.dll --anonymousPipes 2120 1308 --benchmarkName Plaxion.BenchMarks.Comparison.PipelineBehaviorBenchmarks.Send_MediatR_20Behaviors --job Dry --benchmarkId 9 in C:\Users\Angel\RiderProjects\PlaxionMediator\benchmarks-comparison\src\Plaxion.BenchMarks.Comparison\bin\Release\net9.0\95897d7e-234b-441a-badd-15c1c9ce25e7\bin\Release\net9.0
// BeforeAnythingElse

// Benchmark Process Environment Information:
// BenchmarkDotNet v0.14.0
// Runtime=.NET 9.0.7 (9.0.725.31616), X64 RyuJIT AVX2
// GC=Concurrent Workstation
// HardwareIntrinsics=AVX2,AES,BMI1,BMI2,FMA,LZCNT,PCLMUL,POPCNT,AvxVnni,SERIALIZE VectorSize=256
// Job: Dry(IterationCount=1, LaunchCount=1, RunStrategy=ColdStart, UnrollFactor=1, WarmupCount=1)

// BeforeActualRun
WorkloadActual   1: 1 op, 12015100.00 ns, 12.0151 ms/op

// AfterActualRun
WorkloadResult   1: 1 op, 12015100.00 ns, 12.0151 ms/op
// GC:  0 0 0 9584 1
// Threading:  0 0 1

// AfterAll
// Benchmark Process 71316 has exited with code 0.

Mean = 12.015 ms, StdErr = 0.000 ms (0.00%), N = 1, StdDev = 0.000 ms
Min = 12.015 ms, Q1 = 12.015 ms, Median = 12.015 ms, Q3 = 12.015 ms, Max = 12.015 ms
IQR = 0.000 ms, LowerFence = 12.015 ms, UpperFence = 12.015 ms
ConfidenceInterval = [NaN ms; NaN ms] (CI 99.9%), Margin = NaN ms (NaN% of Mean)
Skewness = NaN, Kurtosis = NaN, MValue = 2

// ** Remained 5 (33.3%) benchmark(s) to run. Estimated finish 2026-08-03 11:23 (0h 0m from now) **
Setup power plan (GUID: 8c5e7fda-e8bf-4a96-9a85-a6e23a8c635c FriendlyName: High performance)
// **************************
// Benchmark: PipelineBehaviorBenchmarks.Send_Mediator_0Behaviors: Dry(IterationCount=1, LaunchCount=1, RunStrategy=ColdStart, UnrollFactor=1, WarmupCount=1)
// *** Execute ***
// Launch: 1 / 1
// Execute: dotnet 95897d7e-234b-441a-badd-15c1c9ce25e7.dll --anonymousPipes 2868 2120 --benchmarkName Plaxion.BenchMarks.Comparison.PipelineBehaviorBenchmarks.Send_Mediator_0Behaviors --job Dry --benchmarkId 10 in C:\Users\Angel\RiderProjects\PlaxionMediator\benchmarks-comparison\src\Plaxion.BenchMarks.Comparison\bin\Release\net9.0\95897d7e-234b-441a-badd-15c1c9ce25e7\bin\Release\net9.0
// BeforeAnythingElse

// Benchmark Process Environment Information:
// BenchmarkDotNet v0.14.0
// Runtime=.NET 9.0.7 (9.0.725.31616), X64 RyuJIT AVX2
// GC=Concurrent Workstation
// HardwareIntrinsics=AVX2,AES,BMI1,BMI2,FMA,LZCNT,PCLMUL,POPCNT,AvxVnni,SERIALIZE VectorSize=256
// Job: Dry(IterationCount=1, LaunchCount=1, RunStrategy=ColdStart, UnrollFactor=1, WarmupCount=1)

// BeforeActualRun
WorkloadActual   1: 1 op, 10742300.00 ns, 10.7423 ms/op

// AfterActualRun
WorkloadResult   1: 1 op, 10742300.00 ns, 10.7423 ms/op
// GC:  0 0 0 784 1
// Threading:  0 0 1

// AfterAll
// Benchmark Process 32316 has exited with code 0.

Mean = 10.742 ms, StdErr = 0.000 ms (0.00%), N = 1, StdDev = 0.000 ms
Min = 10.742 ms, Q1 = 10.742 ms, Median = 10.742 ms, Q3 = 10.742 ms, Max = 10.742 ms
IQR = 0.000 ms, LowerFence = 10.742 ms, UpperFence = 10.742 ms
ConfidenceInterval = [NaN ms; NaN ms] (CI 99.9%), Margin = NaN ms (NaN% of Mean)
Skewness = NaN, Kurtosis = NaN, MValue = 2

// ** Remained 4 (26.7%) benchmark(s) to run. Estimated finish 2026-08-03 11:23 (0h 0m from now) **
Setup power plan (GUID: 8c5e7fda-e8bf-4a96-9a85-a6e23a8c635c FriendlyName: High performance)
// **************************
// Benchmark: PipelineBehaviorBenchmarks.Send_Mediator_1Behavior: Dry(IterationCount=1, LaunchCount=1, RunStrategy=ColdStart, UnrollFactor=1, WarmupCount=1)
// *** Execute ***
// Launch: 1 / 1
// Execute: dotnet 95897d7e-234b-441a-badd-15c1c9ce25e7.dll --anonymousPipes 2124 2820 --benchmarkName Plaxion.BenchMarks.Comparison.PipelineBehaviorBenchmarks.Send_Mediator_1Behavior --job Dry --benchmarkId 11 in C:\Users\Angel\RiderProjects\PlaxionMediator\benchmarks-comparison\src\Plaxion.BenchMarks.Comparison\bin\Release\net9.0\95897d7e-234b-441a-badd-15c1c9ce25e7\bin\Release\net9.0
// BeforeAnythingElse

// Benchmark Process Environment Information:
// BenchmarkDotNet v0.14.0
// Runtime=.NET 9.0.7 (9.0.725.31616), X64 RyuJIT AVX2
// GC=Concurrent Workstation
// HardwareIntrinsics=AVX2,AES,BMI1,BMI2,FMA,LZCNT,PCLMUL,POPCNT,AvxVnni,SERIALIZE VectorSize=256
// Job: Dry(IterationCount=1, LaunchCount=1, RunStrategy=ColdStart, UnrollFactor=1, WarmupCount=1)

// BeforeActualRun
WorkloadActual   1: 1 op, 12254600.00 ns, 12.2546 ms/op

// AfterActualRun
WorkloadResult   1: 1 op, 12254600.00 ns, 12.2546 ms/op
// GC:  0 0 0 912 1
// Threading:  0 0 1

// AfterAll
// Benchmark Process 75040 has exited with code 0.

Mean = 12.255 ms, StdErr = 0.000 ms (0.00%), N = 1, StdDev = 0.000 ms
Min = 12.255 ms, Q1 = 12.255 ms, Median = 12.255 ms, Q3 = 12.255 ms, Max = 12.255 ms
IQR = 0.000 ms, LowerFence = 12.255 ms, UpperFence = 12.255 ms
ConfidenceInterval = [NaN ms; NaN ms] (CI 99.9%), Margin = NaN ms (NaN% of Mean)
Skewness = NaN, Kurtosis = NaN, MValue = 2

// ** Remained 3 (20.0%) benchmark(s) to run. Estimated finish 2026-08-03 11:23 (0h 0m from now) **
Setup power plan (GUID: 8c5e7fda-e8bf-4a96-9a85-a6e23a8c635c FriendlyName: High performance)
// **************************
// Benchmark: PipelineBehaviorBenchmarks.Send_Mediator_5Behaviors: Dry(IterationCount=1, LaunchCount=1, RunStrategy=ColdStart, UnrollFactor=1, WarmupCount=1)
// *** Execute ***
// Launch: 1 / 1
// Execute: dotnet 95897d7e-234b-441a-badd-15c1c9ce25e7.dll --anonymousPipes 2388 2780 --benchmarkName Plaxion.BenchMarks.Comparison.PipelineBehaviorBenchmarks.Send_Mediator_5Behaviors --job Dry --benchmarkId 12 in C:\Users\Angel\RiderProjects\PlaxionMediator\benchmarks-comparison\src\Plaxion.BenchMarks.Comparison\bin\Release\net9.0\95897d7e-234b-441a-badd-15c1c9ce25e7\bin\Release\net9.0
// BeforeAnythingElse

// Benchmark Process Environment Information:
// BenchmarkDotNet v0.14.0
// Runtime=.NET 9.0.7 (9.0.725.31616), X64 RyuJIT AVX2
// GC=Concurrent Workstation
// HardwareIntrinsics=AVX2,AES,BMI1,BMI2,FMA,LZCNT,PCLMUL,POPCNT,AvxVnni,SERIALIZE VectorSize=256
// Job: Dry(IterationCount=1, LaunchCount=1, RunStrategy=ColdStart, UnrollFactor=1, WarmupCount=1)

// BeforeActualRun
WorkloadActual   1: 1 op, 14909400.00 ns, 14.9094 ms/op

// AfterActualRun
WorkloadResult   1: 1 op, 14909400.00 ns, 14.9094 ms/op
// GC:  0 0 0 1424 1
// Threading:  0 0 1

// AfterAll
// Benchmark Process 54276 has exited with code 0.

Mean = 14.909 ms, StdErr = 0.000 ms (0.00%), N = 1, StdDev = 0.000 ms
Min = 14.909 ms, Q1 = 14.909 ms, Median = 14.909 ms, Q3 = 14.909 ms, Max = 14.909 ms
IQR = 0.000 ms, LowerFence = 14.909 ms, UpperFence = 14.909 ms
ConfidenceInterval = [NaN ms; NaN ms] (CI 99.9%), Margin = NaN ms (NaN% of Mean)
Skewness = NaN, Kurtosis = NaN, MValue = 2

// ** Remained 2 (13.3%) benchmark(s) to run. Estimated finish 2026-08-03 11:23 (0h 0m from now) **
Setup power plan (GUID: 8c5e7fda-e8bf-4a96-9a85-a6e23a8c635c FriendlyName: High performance)
// **************************
// Benchmark: PipelineBehaviorBenchmarks.Send_Mediator_10Behaviors: Dry(IterationCount=1, LaunchCount=1, RunStrategy=ColdStart, UnrollFactor=1, WarmupCount=1)
// *** Execute ***
// Launch: 1 / 1
// Execute: dotnet 95897d7e-234b-441a-badd-15c1c9ce25e7.dll --anonymousPipes 2384 2900 --benchmarkName Plaxion.BenchMarks.Comparison.PipelineBehaviorBenchmarks.Send_Mediator_10Behaviors --job Dry --benchmarkId 13 in C:\Users\Angel\RiderProjects\PlaxionMediator\benchmarks-comparison\src\Plaxion.BenchMarks.Comparison\bin\Release\net9.0\95897d7e-234b-441a-badd-15c1c9ce25e7\bin\Release\net9.0
// BeforeAnythingElse

// Benchmark Process Environment Information:
// BenchmarkDotNet v0.14.0
// Runtime=.NET 9.0.7 (9.0.725.31616), X64 RyuJIT AVX2
// GC=Concurrent Workstation
// HardwareIntrinsics=AVX2,AES,BMI1,BMI2,FMA,LZCNT,PCLMUL,POPCNT,AvxVnni,SERIALIZE VectorSize=256
// Job: Dry(IterationCount=1, LaunchCount=1, RunStrategy=ColdStart, UnrollFactor=1, WarmupCount=1)

// BeforeActualRun
WorkloadActual   1: 1 op, 20682300.00 ns, 20.6823 ms/op

// AfterActualRun
WorkloadResult   1: 1 op, 20682300.00 ns, 20.6823 ms/op
// GC:  0 0 0 2064 1
// Threading:  0 0 1

// AfterAll
// Benchmark Process 70984 has exited with code 0.

Mean = 20.682 ms, StdErr = 0.000 ms (0.00%), N = 1, StdDev = 0.000 ms
Min = 20.682 ms, Q1 = 20.682 ms, Median = 20.682 ms, Q3 = 20.682 ms, Max = 20.682 ms
IQR = 0.000 ms, LowerFence = 20.682 ms, UpperFence = 20.682 ms
ConfidenceInterval = [NaN ms; NaN ms] (CI 99.9%), Margin = NaN ms (NaN% of Mean)
Skewness = NaN, Kurtosis = NaN, MValue = 2

// ** Remained 1 (6.7%) benchmark(s) to run. Estimated finish 2026-08-03 11:23 (0h 0m from now) **
Setup power plan (GUID: 8c5e7fda-e8bf-4a96-9a85-a6e23a8c635c FriendlyName: High performance)
// **************************
// Benchmark: PipelineBehaviorBenchmarks.Send_Mediator_20Behaviors: Dry(IterationCount=1, LaunchCount=1, RunStrategy=ColdStart, UnrollFactor=1, WarmupCount=1)
// *** Execute ***
// Launch: 1 / 1
// Execute: dotnet 95897d7e-234b-441a-badd-15c1c9ce25e7.dll --anonymousPipes 2940 2876 --benchmarkName Plaxion.BenchMarks.Comparison.PipelineBehaviorBenchmarks.Send_Mediator_20Behaviors --job Dry --benchmarkId 14 in C:\Users\Angel\RiderProjects\PlaxionMediator\benchmarks-comparison\src\Plaxion.BenchMarks.Comparison\bin\Release\net9.0\95897d7e-234b-441a-badd-15c1c9ce25e7\bin\Release\net9.0
// BeforeAnythingElse

// Benchmark Process Environment Information:
// BenchmarkDotNet v0.14.0
// Runtime=.NET 9.0.7 (9.0.725.31616), X64 RyuJIT AVX2
// GC=Concurrent Workstation
// HardwareIntrinsics=AVX2,AES,BMI1,BMI2,FMA,LZCNT,PCLMUL,POPCNT,AvxVnni,SERIALIZE VectorSize=256
// Job: Dry(IterationCount=1, LaunchCount=1, RunStrategy=ColdStart, UnrollFactor=1, WarmupCount=1)

// BeforeActualRun
WorkloadActual   1: 1 op, 25172300.00 ns, 25.1723 ms/op

// AfterActualRun
WorkloadResult   1: 1 op, 25172300.00 ns, 25.1723 ms/op
// GC:  0 0 0 3296 1
// Threading:  0 0 1

// AfterAll
// Benchmark Process 27420 has exited with code 0.

Mean = 25.172 ms, StdErr = 0.000 ms (0.00%), N = 1, StdDev = 0.000 ms
Min = 25.172 ms, Q1 = 25.172 ms, Median = 25.172 ms, Q3 = 25.172 ms, Max = 25.172 ms
IQR = 0.000 ms, LowerFence = 25.172 ms, UpperFence = 25.172 ms
ConfidenceInterval = [NaN ms; NaN ms] (CI 99.9%), Margin = NaN ms (NaN% of Mean)
Skewness = NaN, Kurtosis = NaN, MValue = 2

// ** Remained 0 (0.0%) benchmark(s) to run. Estimated finish 2026-08-03 11:23 (0h 0m from now) **
Successfully reverted power plan (GUID: 381b4222-f694-41f0-9685-ff5bb260df2e FriendlyName: Balanced)
// ***** BenchmarkRunner: Finish  *****

// * Export *
  BenchmarkDotNet.Artifacts\results\Plaxion.BenchMarks.Comparison.PipelineBehaviorBenchmarks-report.csv
  BenchmarkDotNet.Artifacts\results\Plaxion.BenchMarks.Comparison.PipelineBehaviorBenchmarks-report-github.md
  BenchmarkDotNet.Artifacts\results\Plaxion.BenchMarks.Comparison.PipelineBehaviorBenchmarks-report.html

// * Detailed results *
PipelineBehaviorBenchmarks.Send_MediatR_0Behaviors: Dry(IterationCount=1, LaunchCount=1, RunStrategy=ColdStart, UnrollFactor=1, WarmupCount=1)
Runtime = .NET 9.0.7 (9.0.725.31616), X64 RyuJIT AVX2; GC = Concurrent Workstation
Mean = 2.511 ms, StdErr = 0.000 ms (0.00%), N = 1, StdDev = 0.000 ms
Min = 2.511 ms, Q1 = 2.511 ms, Median = 2.511 ms, Q3 = 2.511 ms, Max = 2.511 ms
IQR = 0.000 ms, LowerFence = 2.511 ms, UpperFence = 2.511 ms
ConfidenceInterval = [NaN ms; NaN ms] (CI 99.9%), Margin = NaN ms (NaN% of Mean)
Skewness = NaN, Kurtosis = NaN, MValue = 2
-------------------- Histogram --------------------
[2.511 ms ; 2.511 ms) | @
---------------------------------------------------

PipelineBehaviorBenchmarks.Send_MediatR_1Behavior: Dry(IterationCount=1, LaunchCount=1, RunStrategy=ColdStart, UnrollFactor=1, WarmupCount=1)
Runtime = .NET 9.0.7 (9.0.725.31616), X64 RyuJIT AVX2; GC = Concurrent Workstation
Mean = 3.605 ms, StdErr = 0.000 ms (0.00%), N = 1, StdDev = 0.000 ms
Min = 3.605 ms, Q1 = 3.605 ms, Median = 3.605 ms, Q3 = 3.605 ms, Max = 3.605 ms
IQR = 0.000 ms, LowerFence = 3.605 ms, UpperFence = 3.605 ms
ConfidenceInterval = [NaN ms; NaN ms] (CI 99.9%), Margin = NaN ms (NaN% of Mean)
Skewness = NaN, Kurtosis = NaN, MValue = 2
-------------------- Histogram --------------------
[3.605 ms ; 3.605 ms) | @
---------------------------------------------------

PipelineBehaviorBenchmarks.Send_Plaxion_0Behaviors: Dry(IterationCount=1, LaunchCount=1, RunStrategy=ColdStart, UnrollFactor=1, WarmupCount=1)
Runtime = .NET 9.0.7 (9.0.725.31616), X64 RyuJIT AVX2; GC = Concurrent Workstation
Mean = 3.811 ms, StdErr = 0.000 ms (0.00%), N = 1, StdDev = 0.000 ms
Min = 3.811 ms, Q1 = 3.811 ms, Median = 3.811 ms, Q3 = 3.811 ms, Max = 3.811 ms
IQR = 0.000 ms, LowerFence = 3.811 ms, UpperFence = 3.811 ms
ConfidenceInterval = [NaN ms; NaN ms] (CI 99.9%), Margin = NaN ms (NaN% of Mean)
Skewness = NaN, Kurtosis = NaN, MValue = 2
-------------------- Histogram --------------------
[3.811 ms ; 3.811 ms) | @
---------------------------------------------------

PipelineBehaviorBenchmarks.Send_Plaxion_1Behavior: Dry(IterationCount=1, LaunchCount=1, RunStrategy=ColdStart, UnrollFactor=1, WarmupCount=1)
Runtime = .NET 9.0.7 (9.0.725.31616), X64 RyuJIT AVX2; GC = Concurrent Workstation
Mean = 6.099 ms, StdErr = 0.000 ms (0.00%), N = 1, StdDev = 0.000 ms
Min = 6.099 ms, Q1 = 6.099 ms, Median = 6.099 ms, Q3 = 6.099 ms, Max = 6.099 ms
IQR = 0.000 ms, LowerFence = 6.099 ms, UpperFence = 6.099 ms
ConfidenceInterval = [NaN ms; NaN ms] (CI 99.9%), Margin = NaN ms (NaN% of Mean)
Skewness = NaN, Kurtosis = NaN, MValue = 2
-------------------- Histogram --------------------
[6.099 ms ; 6.099 ms) | @
---------------------------------------------------

PipelineBehaviorBenchmarks.Send_MediatR_5Behaviors: Dry(IterationCount=1, LaunchCount=1, RunStrategy=ColdStart, UnrollFactor=1, WarmupCount=1)
Runtime = .NET 9.0.7 (9.0.725.31616), X64 RyuJIT AVX2; GC = Concurrent Workstation
Mean = 6.260 ms, StdErr = 0.000 ms (0.00%), N = 1, StdDev = 0.000 ms
Min = 6.260 ms, Q1 = 6.260 ms, Median = 6.260 ms, Q3 = 6.260 ms, Max = 6.260 ms
IQR = 0.000 ms, LowerFence = 6.260 ms, UpperFence = 6.260 ms
ConfidenceInterval = [NaN ms; NaN ms] (CI 99.9%), Margin = NaN ms (NaN% of Mean)
Skewness = NaN, Kurtosis = NaN, MValue = 2
-------------------- Histogram --------------------
[6.260 ms ; 6.260 ms) | @
---------------------------------------------------

PipelineBehaviorBenchmarks.Send_MediatR_10Behaviors: Dry(IterationCount=1, LaunchCount=1, RunStrategy=ColdStart, UnrollFactor=1, WarmupCount=1)
Runtime = .NET 9.0.7 (9.0.725.31616), X64 RyuJIT AVX2; GC = Concurrent Workstation
Mean = 7.850 ms, StdErr = 0.000 ms (0.00%), N = 1, StdDev = 0.000 ms
Min = 7.850 ms, Q1 = 7.850 ms, Median = 7.850 ms, Q3 = 7.850 ms, Max = 7.850 ms
IQR = 0.000 ms, LowerFence = 7.850 ms, UpperFence = 7.850 ms
ConfidenceInterval = [NaN ms; NaN ms] (CI 99.9%), Margin = NaN ms (NaN% of Mean)
Skewness = NaN, Kurtosis = NaN, MValue = 2
-------------------- Histogram --------------------
[7.850 ms ; 7.850 ms) | @
---------------------------------------------------

PipelineBehaviorBenchmarks.Send_Plaxion_5Behaviors: Dry(IterationCount=1, LaunchCount=1, RunStrategy=ColdStart, UnrollFactor=1, WarmupCount=1)
Runtime = .NET 9.0.7 (9.0.725.31616), X64 RyuJIT AVX2; GC = Concurrent Workstation
Mean = 8.397 ms, StdErr = 0.000 ms (0.00%), N = 1, StdDev = 0.000 ms
Min = 8.397 ms, Q1 = 8.397 ms, Median = 8.397 ms, Q3 = 8.397 ms, Max = 8.397 ms
IQR = 0.000 ms, LowerFence = 8.397 ms, UpperFence = 8.397 ms
ConfidenceInterval = [NaN ms; NaN ms] (CI 99.9%), Margin = NaN ms (NaN% of Mean)
Skewness = NaN, Kurtosis = NaN, MValue = 2
-------------------- Histogram --------------------
[8.397 ms ; 8.397 ms) | @
---------------------------------------------------

PipelineBehaviorBenchmarks.Send_Plaxion_10Behaviors: Dry(IterationCount=1, LaunchCount=1, RunStrategy=ColdStart, UnrollFactor=1, WarmupCount=1)
Runtime = .NET 9.0.7 (9.0.725.31616), X64 RyuJIT AVX2; GC = Concurrent Workstation
Mean = 10.188 ms, StdErr = 0.000 ms (0.00%), N = 1, StdDev = 0.000 ms
Min = 10.188 ms, Q1 = 10.188 ms, Median = 10.188 ms, Q3 = 10.188 ms, Max = 10.188 ms
IQR = 0.000 ms, LowerFence = 10.188 ms, UpperFence = 10.188 ms
ConfidenceInterval = [NaN ms; NaN ms] (CI 99.9%), Margin = NaN ms (NaN% of Mean)
Skewness = NaN, Kurtosis = NaN, MValue = 2
-------------------- Histogram --------------------
[10.187 ms ; 10.188 ms) | @
---------------------------------------------------

PipelineBehaviorBenchmarks.Send_Mediator_0Behaviors: Dry(IterationCount=1, LaunchCount=1, RunStrategy=ColdStart, UnrollFactor=1, WarmupCount=1)
Runtime = .NET 9.0.7 (9.0.725.31616), X64 RyuJIT AVX2; GC = Concurrent Workstation
Mean = 10.742 ms, StdErr = 0.000 ms (0.00%), N = 1, StdDev = 0.000 ms
Min = 10.742 ms, Q1 = 10.742 ms, Median = 10.742 ms, Q3 = 10.742 ms, Max = 10.742 ms
IQR = 0.000 ms, LowerFence = 10.742 ms, UpperFence = 10.742 ms
ConfidenceInterval = [NaN ms; NaN ms] (CI 99.9%), Margin = NaN ms (NaN% of Mean)
Skewness = NaN, Kurtosis = NaN, MValue = 2
-------------------- Histogram --------------------
[10.742 ms ; 10.742 ms) | @
---------------------------------------------------

PipelineBehaviorBenchmarks.Send_MediatR_20Behaviors: Dry(IterationCount=1, LaunchCount=1, RunStrategy=ColdStart, UnrollFactor=1, WarmupCount=1)
Runtime = .NET 9.0.7 (9.0.725.31616), X64 RyuJIT AVX2; GC = Concurrent Workstation
Mean = 12.015 ms, StdErr = 0.000 ms (0.00%), N = 1, StdDev = 0.000 ms
Min = 12.015 ms, Q1 = 12.015 ms, Median = 12.015 ms, Q3 = 12.015 ms, Max = 12.015 ms
IQR = 0.000 ms, LowerFence = 12.015 ms, UpperFence = 12.015 ms
ConfidenceInterval = [NaN ms; NaN ms] (CI 99.9%), Margin = NaN ms (NaN% of Mean)
Skewness = NaN, Kurtosis = NaN, MValue = 2
-------------------- Histogram --------------------
[12.015 ms ; 12.015 ms) | @
---------------------------------------------------

PipelineBehaviorBenchmarks.Send_Mediator_1Behavior: Dry(IterationCount=1, LaunchCount=1, RunStrategy=ColdStart, UnrollFactor=1, WarmupCount=1)
Runtime = .NET 9.0.7 (9.0.725.31616), X64 RyuJIT AVX2; GC = Concurrent Workstation
Mean = 12.255 ms, StdErr = 0.000 ms (0.00%), N = 1, StdDev = 0.000 ms
Min = 12.255 ms, Q1 = 12.255 ms, Median = 12.255 ms, Q3 = 12.255 ms, Max = 12.255 ms
IQR = 0.000 ms, LowerFence = 12.255 ms, UpperFence = 12.255 ms
ConfidenceInterval = [NaN ms; NaN ms] (CI 99.9%), Margin = NaN ms (NaN% of Mean)
Skewness = NaN, Kurtosis = NaN, MValue = 2
-------------------- Histogram --------------------
[12.255 ms ; 12.255 ms) | @
---------------------------------------------------

PipelineBehaviorBenchmarks.Send_Plaxion_20Behaviors: Dry(IterationCount=1, LaunchCount=1, RunStrategy=ColdStart, UnrollFactor=1, WarmupCount=1)
Runtime = .NET 9.0.7 (9.0.725.31616), X64 RyuJIT AVX2; GC = Concurrent Workstation
Mean = 14.560 ms, StdErr = 0.000 ms (0.00%), N = 1, StdDev = 0.000 ms
Min = 14.560 ms, Q1 = 14.560 ms, Median = 14.560 ms, Q3 = 14.560 ms, Max = 14.560 ms
IQR = 0.000 ms, LowerFence = 14.560 ms, UpperFence = 14.560 ms
ConfidenceInterval = [NaN ms; NaN ms] (CI 99.9%), Margin = NaN ms (NaN% of Mean)
Skewness = NaN, Kurtosis = NaN, MValue = 2
-------------------- Histogram --------------------
[14.560 ms ; 14.560 ms) | @
---------------------------------------------------

PipelineBehaviorBenchmarks.Send_Mediator_5Behaviors: Dry(IterationCount=1, LaunchCount=1, RunStrategy=ColdStart, UnrollFactor=1, WarmupCount=1)
Runtime = .NET 9.0.7 (9.0.725.31616), X64 RyuJIT AVX2; GC = Concurrent Workstation
Mean = 14.909 ms, StdErr = 0.000 ms (0.00%), N = 1, StdDev = 0.000 ms
Min = 14.909 ms, Q1 = 14.909 ms, Median = 14.909 ms, Q3 = 14.909 ms, Max = 14.909 ms
IQR = 0.000 ms, LowerFence = 14.909 ms, UpperFence = 14.909 ms
ConfidenceInterval = [NaN ms; NaN ms] (CI 99.9%), Margin = NaN ms (NaN% of Mean)
Skewness = NaN, Kurtosis = NaN, MValue = 2
-------------------- Histogram --------------------
[14.909 ms ; 14.909 ms) | @
---------------------------------------------------

PipelineBehaviorBenchmarks.Send_Mediator_10Behaviors: Dry(IterationCount=1, LaunchCount=1, RunStrategy=ColdStart, UnrollFactor=1, WarmupCount=1)
Runtime = .NET 9.0.7 (9.0.725.31616), X64 RyuJIT AVX2; GC = Concurrent Workstation
Mean = 20.682 ms, StdErr = 0.000 ms (0.00%), N = 1, StdDev = 0.000 ms
Min = 20.682 ms, Q1 = 20.682 ms, Median = 20.682 ms, Q3 = 20.682 ms, Max = 20.682 ms
IQR = 0.000 ms, LowerFence = 20.682 ms, UpperFence = 20.682 ms
ConfidenceInterval = [NaN ms; NaN ms] (CI 99.9%), Margin = NaN ms (NaN% of Mean)
Skewness = NaN, Kurtosis = NaN, MValue = 2
-------------------- Histogram --------------------
[20.682 ms ; 20.682 ms) | @
---------------------------------------------------

PipelineBehaviorBenchmarks.Send_Mediator_20Behaviors: Dry(IterationCount=1, LaunchCount=1, RunStrategy=ColdStart, UnrollFactor=1, WarmupCount=1)
Runtime = .NET 9.0.7 (9.0.725.31616), X64 RyuJIT AVX2; GC = Concurrent Workstation
Mean = 25.172 ms, StdErr = 0.000 ms (0.00%), N = 1, StdDev = 0.000 ms
Min = 25.172 ms, Q1 = 25.172 ms, Median = 25.172 ms, Q3 = 25.172 ms, Max = 25.172 ms
IQR = 0.000 ms, LowerFence = 25.172 ms, UpperFence = 25.172 ms
ConfidenceInterval = [NaN ms; NaN ms] (CI 99.9%), Margin = NaN ms (NaN% of Mean)
Skewness = NaN, Kurtosis = NaN, MValue = 2
-------------------- Histogram --------------------
[25.172 ms ; 25.172 ms) | @
---------------------------------------------------

// * Summary *

BenchmarkDotNet v0.14.0, Windows 11 (10.0.26200.8875)
12th Gen Intel Core i7-12700K, 1 CPU, 20 logical and 12 physical cores
.NET SDK 9.0.202
  [Host] : .NET 9.0.7 (9.0.725.31616), X64 RyuJIT AVX2
  Dry    : .NET 9.0.7 (9.0.725.31616), X64 RyuJIT AVX2

Job=Dry  IterationCount=1  LaunchCount=1  
RunStrategy=ColdStart  UnrollFactor=1  WarmupCount=1  

| Method                    | Mean      | Error | Allocated |
|-------------------------- |----------:|------:|----------:|
| Send_MediatR_0Behaviors   |  2.511 ms |    NA |    3272 B |
| Send_MediatR_1Behavior    |  3.605 ms |    NA |    3944 B |
| Send_Plaxion_0Behaviors   |  3.811 ms |    NA |    1512 B |
| Send_Plaxion_1Behavior    |  6.099 ms |    NA |    2336 B |
| Send_MediatR_5Behaviors   |  6.260 ms |    NA |    4904 B |
| Send_MediatR_10Behaviors  |  7.850 ms |    NA |    6464 B |
| Send_Plaxion_5Behaviors   |  8.397 ms |    NA |    3776 B |
| Send_Plaxion_10Behaviors  | 10.188 ms |    NA |    4104 B |
| Send_Mediator_0Behaviors  | 10.742 ms |    NA |     784 B |
| Send_MediatR_20Behaviors  | 12.015 ms |    NA |    9584 B |
| Send_Mediator_1Behavior   | 12.255 ms |    NA |     912 B |
| Send_Plaxion_20Behaviors  | 14.560 ms |    NA |    7376 B |
| Send_Mediator_5Behaviors  | 14.909 ms |    NA |    1424 B |
| Send_Mediator_10Behaviors | 20.682 ms |    NA |    2064 B |
| Send_Mediator_20Behaviors | 25.172 ms |    NA |    3296 B |

// * Warnings *
MinIterationTime
  PipelineBehaviorBenchmarks.Send_MediatR_0Behaviors: Dry   -> The minimum observed iteration time is 2.511ms which is very small. It's recommended to increase it to at least 100ms using more operations.
  PipelineBehaviorBenchmarks.Send_MediatR_1Behavior: Dry    -> The minimum observed iteration time is 3.605ms which is very small. It's recommended to increase it to at least 100ms using more operations.
  PipelineBehaviorBenchmarks.Send_Plaxion_0Behaviors: Dry   -> The minimum observed iteration time is 3.811ms which is very small. It's recommended to increase it to at least 100ms using more operations.
  PipelineBehaviorBenchmarks.Send_Plaxion_1Behavior: Dry    -> The minimum observed iteration time is 6.099ms which is very small. It's recommended to increase it to at least 100ms using more operations.
  PipelineBehaviorBenchmarks.Send_MediatR_5Behaviors: Dry   -> The minimum observed iteration time is 6.26ms which is very small. It's recommended to increase it to at least 100ms using more operations.
  PipelineBehaviorBenchmarks.Send_MediatR_10Behaviors: Dry  -> The minimum observed iteration time is 7.85ms which is very small. It's recommended to increase it to at least 100ms using more operations.
  PipelineBehaviorBenchmarks.Send_Plaxion_5Behaviors: Dry   -> The minimum observed iteration time is 8.397ms which is very small. It's recommended to increase it to at least 100ms using more operations.
  PipelineBehaviorBenchmarks.Send_Plaxion_10Behaviors: Dry  -> The minimum observed iteration time is 10.188ms which is very small. It's recommended to increase it to at least 100ms using more operations.
  PipelineBehaviorBenchmarks.Send_Mediator_0Behaviors: Dry  -> The minimum observed iteration time is 10.742ms which is very small. It's recommended to increase it to at least 100ms using more operations.
  PipelineBehaviorBenchmarks.Send_MediatR_20Behaviors: Dry  -> The minimum observed iteration time is 12.015ms which is very small. It's recommended to increase it to at least 100ms using more operations.
  PipelineBehaviorBenchmarks.Send_Mediator_1Behavior: Dry   -> The minimum observed iteration time is 12.255ms which is very small. It's recommended to increase it to at least 100ms using more operations.
  PipelineBehaviorBenchmarks.Send_Plaxion_20Behaviors: Dry  -> The minimum observed iteration time is 14.56ms which is very small. It's recommended to increase it to at least 100ms using more operations.
  PipelineBehaviorBenchmarks.Send_Mediator_5Behaviors: Dry  -> The minimum observed iteration time is 14.909ms which is very small. It's recommended to increase it to at least 100ms using more operations.
  PipelineBehaviorBenchmarks.Send_Mediator_10Behaviors: Dry -> The minimum observed iteration time is 20.682ms which is very small. It's recommended to increase it to at least 100ms using more operations.
  PipelineBehaviorBenchmarks.Send_Mediator_20Behaviors: Dry -> The minimum observed iteration time is 25.172ms which is very small. It's recommended to increase it to at least 100ms using more operations.

// * Legends *
  Mean      : Arithmetic mean of all measurements
  Error     : Half of 99.9% confidence interval
  Allocated : Allocated memory per single operation (managed only, inclusive, 1KB = 1024B)
  1 ms      : 1 Millisecond (0.001 sec)

// * Diagnostic Output - MemoryDiagnoser *


// ***** BenchmarkRunner: End *****
Run time: 00:00:04 (4.33 sec), executed benchmarks: 15

Global total time: 00:00:24 (24.01 sec), executed benchmarks: 15
// * Artifacts cleanup *
Artifacts cleanup is finished
