// Validating benchmarks:
// ***** BenchmarkRunner: Start   *****
// ***** Found 2 benchmark(s) in total *****
// ***** Building 1 exe(s) in Parallel: Start   *****
// start dotnet  restore /p:UseSharedCompilation=false /p:BuildInParallel=false /m:1 /p:Deterministic=true /p:Optimize=true /p:IntermediateOutputPath="C:\Users\Angel\RiderProjects\PlaxionMediator\benchmarks-comparison\src\Plaxion.BenchMarks.Comparison\bin\Release\net9.0\e5c42622-f69f-4921-8343-73c98acc79cd\obj\Release\net9.0/" /p:OutDir="C:\Users\Angel\RiderProjects\PlaxionMediator\benchmarks-comparison\src\Plaxion.BenchMarks.Comparison\bin\Release\net9.0\e5c42622-f69f-4921-8343-73c98acc79cd\bin\Release\net9.0/" /p:OutputPath="C:\Users\Angel\RiderProjects\PlaxionMediator\benchmarks-comparison\src\Plaxion.BenchMarks.Comparison\bin\Release\net9.0\e5c42622-f69f-4921-8343-73c98acc79cd\bin\Release\net9.0/" in C:\Users\Angel\RiderProjects\PlaxionMediator\benchmarks-comparison\src\Plaxion.BenchMarks.Comparison\bin\Release\net9.0\e5c42622-f69f-4921-8343-73c98acc79cd
// command took 1.8 sec and exited with 0
// start dotnet  build -c Release --no-restore /p:UseSharedCompilation=false /p:BuildInParallel=false /m:1 /p:Deterministic=true /p:Optimize=true /p:IntermediateOutputPath="C:\Users\Angel\RiderProjects\PlaxionMediator\benchmarks-comparison\src\Plaxion.BenchMarks.Comparison\bin\Release\net9.0\e5c42622-f69f-4921-8343-73c98acc79cd\obj\Release\net9.0/" /p:OutDir="C:\Users\Angel\RiderProjects\PlaxionMediator\benchmarks-comparison\src\Plaxion.BenchMarks.Comparison\bin\Release\net9.0\e5c42622-f69f-4921-8343-73c98acc79cd\bin\Release\net9.0/" /p:OutputPath="C:\Users\Angel\RiderProjects\PlaxionMediator\benchmarks-comparison\src\Plaxion.BenchMarks.Comparison\bin\Release\net9.0\e5c42622-f69f-4921-8343-73c98acc79cd\bin\Release\net9.0/" --output "C:\Users\Angel\RiderProjects\PlaxionMediator\benchmarks-comparison\src\Plaxion.BenchMarks.Comparison\bin\Release\net9.0\e5c42622-f69f-4921-8343-73c98acc79cd\bin\Release\net9.0/" in C:\Users\Angel\RiderProjects\PlaxionMediator\benchmarks-comparison\src\Plaxion.BenchMarks.Comparison\bin\Release\net9.0\e5c42622-f69f-4921-8343-73c98acc79cd
// command took 18.22 sec and exited with 0
// ***** Done, took 00:00:20 (20.07 sec)   *****
// Found 2 benchmarks:
//   PipelineBehaviorBenchmarks.Send_Plaxion_0Behaviors: Job-RXWEIJ(IterationCount=10, LaunchCount=1, WarmupCount=3)
//   PipelineBehaviorBenchmarks.Send_Plaxion_0Behaviors: ShortRun(IterationCount=3, LaunchCount=1, WarmupCount=3)

Setup power plan (GUID: 8c5e7fda-e8bf-4a96-9a85-a6e23a8c635c FriendlyName: High performance)
// **************************
// Benchmark: PipelineBehaviorBenchmarks.Send_Plaxion_0Behaviors: Job-RXWEIJ(IterationCount=10, LaunchCount=1, WarmupCount=3)
// *** Execute ***
// Launch: 1 / 1
// Execute: dotnet e5c42622-f69f-4921-8343-73c98acc79cd.dll --anonymousPipes 1456 1440 --benchmarkName Plaxion.BenchMarks.Comparison.PipelineBehaviorBenchmarks.Send_Plaxion_0Behaviors --job "IterationCount=10, LaunchCount=1, WarmupCount=3" --benchmarkId 0 in C:\Users\Angel\RiderProjects\PlaxionMediator\benchmarks-comparison\src\Plaxion.BenchMarks.Comparison\bin\Release\net9.0\e5c42622-f69f-4921-8343-73c98acc79cd\bin\Release\net9.0
// BeforeAnythingElse

// Benchmark Process Environment Information:
// BenchmarkDotNet v0.14.0
// Runtime=.NET 9.0.7 (9.0.725.31616), X64 RyuJIT AVX2
// GC=Concurrent Workstation
// HardwareIntrinsics=AVX2,AES,BMI1,BMI2,FMA,LZCNT,PCLMUL,POPCNT,AvxVnni,SERIALIZE VectorSize=256
// Job: Job-MTPWXP(IterationCount=10, LaunchCount=1, WarmupCount=3)

OverheadJitting  1: 1 op, 174300.00 ns, 174.3000 us/op
WorkloadJitting  1: 1 op, 3889900.00 ns, 3.8899 ms/op

OverheadJitting  2: 16 op, 301500.00 ns, 18.8438 us/op
WorkloadJitting  2: 16 op, 721600.00 ns, 45.1000 us/op

WorkloadPilot    1: 16 op, 9700.00 ns, 606.2500 ns/op
WorkloadPilot    2: 32 op, 13400.00 ns, 418.7500 ns/op
WorkloadPilot    3: 64 op, 24500.00 ns, 382.8125 ns/op
WorkloadPilot    4: 128 op, 37600.00 ns, 293.7500 ns/op
WorkloadPilot    5: 256 op, 67100.00 ns, 262.1094 ns/op
WorkloadPilot    6: 512 op, 128600.00 ns, 251.1719 ns/op
WorkloadPilot    7: 1024 op, 248500.00 ns, 242.6758 ns/op
WorkloadPilot    8: 2048 op, 562700.00 ns, 274.7559 ns/op
WorkloadPilot    9: 4096 op, 1510500.00 ns, 368.7744 ns/op
WorkloadPilot   10: 8192 op, 1959600.00 ns, 239.2090 ns/op
WorkloadPilot   11: 16384 op, 3946600.00 ns, 240.8813 ns/op
WorkloadPilot   12: 32768 op, 7925300.00 ns, 241.8610 ns/op
WorkloadPilot   13: 65536 op, 15270400.00 ns, 233.0078 ns/op
WorkloadPilot   14: 131072 op, 30813600.00 ns, 235.0891 ns/op
WorkloadPilot   15: 262144 op, 61282800.00 ns, 233.7753 ns/op
WorkloadPilot   16: 524288 op, 81907800.00 ns, 156.2267 ns/op
WorkloadPilot   17: 1048576 op, 53552000.00 ns, 51.0712 ns/op
WorkloadPilot   18: 2097152 op, 107007400.00 ns, 51.0251 ns/op
WorkloadPilot   19: 4194304 op, 212684100.00 ns, 50.7078 ns/op
WorkloadPilot   20: 8388608 op, 427368000.00 ns, 50.9462 ns/op
WorkloadPilot   21: 16777216 op, 854084700.00 ns, 50.9074 ns/op

OverheadWarmup   1: 16777216 op, 41488000.00 ns, 2.4729 ns/op
OverheadWarmup   2: 16777216 op, 42151800.00 ns, 2.5124 ns/op
OverheadWarmup   3: 16777216 op, 42489200.00 ns, 2.5326 ns/op
OverheadWarmup   4: 16777216 op, 42295500.00 ns, 2.5210 ns/op
OverheadWarmup   5: 16777216 op, 42464500.00 ns, 2.5311 ns/op
OverheadWarmup   6: 16777216 op, 42307900.00 ns, 2.5217 ns/op

OverheadActual   1: 16777216 op, 42675700.00 ns, 2.5437 ns/op
OverheadActual   2: 16777216 op, 42189100.00 ns, 2.5147 ns/op
OverheadActual   3: 16777216 op, 42116000.00 ns, 2.5103 ns/op
OverheadActual   4: 16777216 op, 42201200.00 ns, 2.5154 ns/op
OverheadActual   5: 16777216 op, 42804600.00 ns, 2.5514 ns/op
OverheadActual   6: 16777216 op, 42856000.00 ns, 2.5544 ns/op
OverheadActual   7: 16777216 op, 41847800.00 ns, 2.4943 ns/op
OverheadActual   8: 16777216 op, 41412300.00 ns, 2.4684 ns/op
OverheadActual   9: 16777216 op, 41690600.00 ns, 2.4850 ns/op
OverheadActual  10: 16777216 op, 34237800.00 ns, 2.0407 ns/op
OverheadActual  11: 16777216 op, 35009700.00 ns, 2.0867 ns/op
OverheadActual  12: 16777216 op, 35307000.00 ns, 2.1045 ns/op
OverheadActual  13: 16777216 op, 35403000.00 ns, 2.1102 ns/op
OverheadActual  14: 16777216 op, 34827600.00 ns, 2.0759 ns/op
OverheadActual  15: 16777216 op, 34946900.00 ns, 2.0830 ns/op
OverheadActual  16: 16777216 op, 34833500.00 ns, 2.0762 ns/op
OverheadActual  17: 16777216 op, 34705200.00 ns, 2.0686 ns/op
OverheadActual  18: 16777216 op, 35215100.00 ns, 2.0990 ns/op
OverheadActual  19: 16777216 op, 35291100.00 ns, 2.1035 ns/op
OverheadActual  20: 16777216 op, 35458500.00 ns, 2.1135 ns/op

WorkloadWarmup   1: 16777216 op, 853329600.00 ns, 50.8624 ns/op
WorkloadWarmup   2: 16777216 op, 858358200.00 ns, 51.1621 ns/op
WorkloadWarmup   3: 16777216 op, 862748400.00 ns, 51.4238 ns/op

// BeforeActualRun
WorkloadActual   1: 16777216 op, 858593600.00 ns, 51.1762 ns/op
WorkloadActual   2: 16777216 op, 852483900.00 ns, 50.8120 ns/op
WorkloadActual   3: 16777216 op, 859129100.00 ns, 51.2081 ns/op
WorkloadActual   4: 16777216 op, 859119800.00 ns, 51.2075 ns/op
WorkloadActual   5: 16777216 op, 864439100.00 ns, 51.5246 ns/op
WorkloadActual   6: 16777216 op, 859362100.00 ns, 51.2220 ns/op
WorkloadActual   7: 16777216 op, 852568900.00 ns, 50.8171 ns/op
WorkloadActual   8: 16777216 op, 854065600.00 ns, 50.9063 ns/op
WorkloadActual   9: 16777216 op, 859402600.00 ns, 51.2244 ns/op
WorkloadActual  10: 16777216 op, 856816000.00 ns, 51.0702 ns/op

// AfterActualRun
WorkloadResult   1: 16777216 op, 823162850.00 ns, 49.0643 ns/op
WorkloadResult   2: 16777216 op, 817053150.00 ns, 48.7002 ns/op
WorkloadResult   3: 16777216 op, 823698350.00 ns, 49.0962 ns/op
WorkloadResult   4: 16777216 op, 823689050.00 ns, 49.0957 ns/op
WorkloadResult   5: 16777216 op, 829008350.00 ns, 49.4127 ns/op
WorkloadResult   6: 16777216 op, 823931350.00 ns, 49.1101 ns/op
WorkloadResult   7: 16777216 op, 817138150.00 ns, 48.7052 ns/op
WorkloadResult   8: 16777216 op, 818634850.00 ns, 48.7944 ns/op
WorkloadResult   9: 16777216 op, 823971850.00 ns, 49.1125 ns/op
WorkloadResult  10: 16777216 op, 821385250.00 ns, 48.9584 ns/op
// GC:  0 0 0 64 16777216
// Threading:  0 0 16777216

// AfterAll
// Benchmark Process 68080 has exited with code 0.

Mean = 49.005 ns, StdErr = 0.070 ns (0.14%), N = 10, StdDev = 0.221 ns
Min = 48.700 ns, Q1 = 48.835 ns, Median = 49.080 ns, Q3 = 49.107 ns, Max = 49.413 ns
IQR = 0.271 ns, LowerFence = 48.429 ns, UpperFence = 49.514 ns
ConfidenceInterval = [48.671 ns; 49.339 ns] (CI 99.9%), Margin = 0.334 ns (0.68% of Mean)
Skewness = 0.07, Kurtosis = 1.97, MValue = 2

// ** Remained 1 (50.0%) benchmark(s) to run. Estimated finish 2026-08-03 12:15 (0h 0m from now) **
Setup power plan (GUID: 8c5e7fda-e8bf-4a96-9a85-a6e23a8c635c FriendlyName: High performance)
// **************************
// Benchmark: PipelineBehaviorBenchmarks.Send_Plaxion_0Behaviors: ShortRun(IterationCount=3, LaunchCount=1, WarmupCount=3)
// *** Execute ***
// Launch: 1 / 1
// Execute: dotnet e5c42622-f69f-4921-8343-73c98acc79cd.dll --anonymousPipes 1476 1472 --benchmarkName Plaxion.BenchMarks.Comparison.PipelineBehaviorBenchmarks.Send_Plaxion_0Behaviors --job ShortRun --benchmarkId 1 in C:\Users\Angel\RiderProjects\PlaxionMediator\benchmarks-comparison\src\Plaxion.BenchMarks.Comparison\bin\Release\net9.0\e5c42622-f69f-4921-8343-73c98acc79cd\bin\Release\net9.0
// BeforeAnythingElse

// Benchmark Process Environment Information:
// BenchmarkDotNet v0.14.0
// Runtime=.NET 9.0.7 (9.0.725.31616), X64 RyuJIT AVX2
// GC=Concurrent Workstation
// HardwareIntrinsics=AVX2,AES,BMI1,BMI2,FMA,LZCNT,PCLMUL,POPCNT,AvxVnni,SERIALIZE VectorSize=256
// Job: ShortRun(IterationCount=3, LaunchCount=1, WarmupCount=3)

OverheadJitting  1: 1 op, 168300.00 ns, 168.3000 us/op
WorkloadJitting  1: 1 op, 4024400.00 ns, 4.0244 ms/op

OverheadJitting  2: 16 op, 308800.00 ns, 19.3000 us/op
WorkloadJitting  2: 16 op, 746800.00 ns, 46.6750 us/op

WorkloadPilot    1: 16 op, 14300.00 ns, 893.7500 ns/op
WorkloadPilot    2: 32 op, 14700.00 ns, 459.3750 ns/op
WorkloadPilot    3: 64 op, 23700.00 ns, 370.3125 ns/op
WorkloadPilot    4: 128 op, 36400.00 ns, 284.3750 ns/op
WorkloadPilot    5: 256 op, 69200.00 ns, 270.3125 ns/op
WorkloadPilot    6: 512 op, 127600.00 ns, 249.2188 ns/op
WorkloadPilot    7: 1024 op, 245800.00 ns, 240.0391 ns/op
WorkloadPilot    8: 2048 op, 485000.00 ns, 236.8164 ns/op
WorkloadPilot    9: 4096 op, 1544600.00 ns, 377.0996 ns/op
WorkloadPilot   10: 8192 op, 1956200.00 ns, 238.7939 ns/op
WorkloadPilot   11: 16384 op, 3850200.00 ns, 234.9976 ns/op
WorkloadPilot   12: 32768 op, 7600200.00 ns, 231.9397 ns/op
WorkloadPilot   13: 65536 op, 15545900.00 ns, 237.2116 ns/op
WorkloadPilot   14: 131072 op, 30028000.00 ns, 229.0955 ns/op
WorkloadPilot   15: 262144 op, 61326300.00 ns, 233.9413 ns/op
WorkloadPilot   16: 524288 op, 97070600.00 ns, 185.1475 ns/op
WorkloadPilot   17: 1048576 op, 56044100.00 ns, 53.4478 ns/op
WorkloadPilot   18: 2097152 op, 111087700.00 ns, 52.9707 ns/op
WorkloadPilot   19: 4194304 op, 220568400.00 ns, 52.5876 ns/op
WorkloadPilot   20: 8388608 op, 445472200.00 ns, 53.1044 ns/op
WorkloadPilot   21: 16777216 op, 883954600.00 ns, 52.6878 ns/op

OverheadWarmup   1: 16777216 op, 42748900.00 ns, 2.5480 ns/op
OverheadWarmup   2: 16777216 op, 41802600.00 ns, 2.4916 ns/op
OverheadWarmup   3: 16777216 op, 42178200.00 ns, 2.5140 ns/op
OverheadWarmup   4: 16777216 op, 42246300.00 ns, 2.5181 ns/op
OverheadWarmup   5: 16777216 op, 42289100.00 ns, 2.5206 ns/op
OverheadWarmup   6: 16777216 op, 42134800.00 ns, 2.5114 ns/op
OverheadWarmup   7: 16777216 op, 41452800.00 ns, 2.4708 ns/op
OverheadWarmup   8: 16777216 op, 39193100.00 ns, 2.3361 ns/op
OverheadWarmup   9: 16777216 op, 35497100.00 ns, 2.1158 ns/op
OverheadWarmup  10: 16777216 op, 35608200.00 ns, 2.1224 ns/op

OverheadActual   1: 16777216 op, 35481300.00 ns, 2.1149 ns/op
OverheadActual   2: 16777216 op, 35898200.00 ns, 2.1397 ns/op
OverheadActual   3: 16777216 op, 35759700.00 ns, 2.1314 ns/op
OverheadActual   4: 16777216 op, 35298500.00 ns, 2.1040 ns/op
OverheadActual   5: 16777216 op, 35578900.00 ns, 2.1207 ns/op
OverheadActual   6: 16777216 op, 36941100.00 ns, 2.2019 ns/op
OverheadActual   7: 16777216 op, 35469200.00 ns, 2.1141 ns/op
OverheadActual   8: 16777216 op, 35597800.00 ns, 2.1218 ns/op
OverheadActual   9: 16777216 op, 35537000.00 ns, 2.1182 ns/op
OverheadActual  10: 16777216 op, 35584600.00 ns, 2.1210 ns/op
OverheadActual  11: 16777216 op, 35755600.00 ns, 2.1312 ns/op
OverheadActual  12: 16777216 op, 35726900.00 ns, 2.1295 ns/op
OverheadActual  13: 16777216 op, 35506400.00 ns, 2.1163 ns/op
OverheadActual  14: 16777216 op, 34802600.00 ns, 2.0744 ns/op
OverheadActual  15: 16777216 op, 35145500.00 ns, 2.0948 ns/op

WorkloadWarmup   1: 16777216 op, 890183300.00 ns, 53.0591 ns/op
WorkloadWarmup   2: 16777216 op, 880994800.00 ns, 52.5114 ns/op
WorkloadWarmup   3: 16777216 op, 874586300.00 ns, 52.1294 ns/op

// BeforeActualRun
WorkloadActual   1: 16777216 op, 869760600.00 ns, 51.8418 ns/op
WorkloadActual   2: 16777216 op, 890843500.00 ns, 53.0984 ns/op
WorkloadActual   3: 16777216 op, 889317800.00 ns, 53.0075 ns/op

// AfterActualRun
WorkloadResult   1: 16777216 op, 834181700.00 ns, 49.7211 ns/op
WorkloadResult   2: 16777216 op, 855264600.00 ns, 50.9777 ns/op
WorkloadResult   3: 16777216 op, 853738900.00 ns, 50.8868 ns/op
// GC:  0 0 0 64 16777216
// Threading:  0 0 16777216

// AfterAll
// Benchmark Process 20924 has exited with code 0.

Mean = 50.529 ns, StdErr = 0.405 ns (0.80%), N = 3, StdDev = 0.701 ns
Min = 49.721 ns, Q1 = 50.304 ns, Median = 50.887 ns, Q3 = 50.932 ns, Max = 50.978 ns
IQR = 0.628 ns, LowerFence = 49.361 ns, UpperFence = 51.875 ns
ConfidenceInterval = [37.744 ns; 63.313 ns] (CI 99.9%), Margin = 12.784 ns (25.30% of Mean)
Skewness = -0.38, Kurtosis = 0.67, MValue = 2

// ** Remained 0 (0.0%) benchmark(s) to run. Estimated finish 2026-08-03 12:15 (0h 0m from now) **
Successfully reverted power plan (GUID: 381b4222-f694-41f0-9685-ff5bb260df2e FriendlyName: Balanced)
// ***** BenchmarkRunner: Finish  *****

// * Export *
  BenchmarkDotNet.Artifacts\results\Plaxion.BenchMarks.Comparison.PipelineBehaviorBenchmarks-report-full.json
  BenchmarkDotNet.Artifacts\results\Plaxion.BenchMarks.Comparison.PipelineBehaviorBenchmarks-report.csv
  BenchmarkDotNet.Artifacts\results\Plaxion.BenchMarks.Comparison.PipelineBehaviorBenchmarks-report-github.md

// * Detailed results *
PipelineBehaviorBenchmarks.Send_Plaxion_0Behaviors: Job-RXWEIJ(IterationCount=10, LaunchCount=1, WarmupCount=3)
Runtime = .NET 9.0.7 (9.0.725.31616), X64 RyuJIT AVX2; GC = Concurrent Workstation
Mean = 49.005 ns, StdErr = 0.070 ns (0.14%), N = 10, StdDev = 0.221 ns
Min = 48.700 ns, Q1 = 48.835 ns, Median = 49.080 ns, Q3 = 49.107 ns, Max = 49.413 ns
IQR = 0.271 ns, LowerFence = 48.429 ns, UpperFence = 49.514 ns
ConfidenceInterval = [48.671 ns; 49.339 ns] (CI 99.9%), Margin = 0.334 ns (0.68% of Mean)
Skewness = 0.07, Kurtosis = 1.97, MValue = 2
-------------------- Histogram --------------------
[48.566 ns ; 49.547 ns) | @@@@@@@@@@
---------------------------------------------------

PipelineBehaviorBenchmarks.Send_Plaxion_0Behaviors: ShortRun(IterationCount=3, LaunchCount=1, WarmupCount=3)
Runtime = .NET 9.0.7 (9.0.725.31616), X64 RyuJIT AVX2; GC = Concurrent Workstation
Mean = 50.529 ns, StdErr = 0.405 ns (0.80%), N = 3, StdDev = 0.701 ns
Min = 49.721 ns, Q1 = 50.304 ns, Median = 50.887 ns, Q3 = 50.932 ns, Max = 50.978 ns
IQR = 0.628 ns, LowerFence = 49.361 ns, UpperFence = 51.875 ns
ConfidenceInterval = [37.744 ns; 63.313 ns] (CI 99.9%), Margin = 12.784 ns (25.30% of Mean)
Skewness = -0.38, Kurtosis = 0.67, MValue = 2
-------------------- Histogram --------------------
[49.712 ns ; 50.987 ns) | @@@
---------------------------------------------------

// * Summary *

BenchmarkDotNet v0.14.0, Windows 11 (10.0.26200.8875)
12th Gen Intel Core i7-12700K, 1 CPU, 20 logical and 12 physical cores
.NET SDK 9.0.202
  [Host]     : .NET 9.0.7 (9.0.725.31616), X64 RyuJIT AVX2
  Job-RXWEIJ : .NET 9.0.7 (9.0.725.31616), X64 RyuJIT AVX2
  ShortRun   : .NET 9.0.7 (9.0.725.31616), X64 RyuJIT AVX2

LaunchCount=1  WarmupCount=3  

| Method                  | Job        | IterationCount | Mean     | Error     | StdDev   | Ratio | RatioSD | Rank | Allocated | Alloc Ratio |
|------------------------ |----------- |--------------- |---------:|----------:|---------:|------:|--------:|-----:|----------:|------------:|
| Send_Plaxion_0Behaviors | Job-RXWEIJ | 10             | 49.00 ns |  0.334 ns | 0.221 ns |  1.00 |    0.01 |    1 |         - |          NA |
|                         |            |                |          |           |          |       |         |      |           |             |
| Send_Plaxion_0Behaviors | ShortRun   | 3              | 50.53 ns | 12.784 ns | 0.701 ns |  1.00 |    0.02 |    1 |         - |          NA |

// * Legends *
  Mean        : Arithmetic mean of all measurements
  Error       : Half of 99.9% confidence interval
  StdDev      : Standard deviation of all measurements
  Ratio       : Mean of the ratio distribution ([Current]/[Baseline])
  RatioSD     : Standard deviation of the ratio distribution ([Current]/[Baseline])
  Rank        : Relative position of current benchmark mean among all benchmarks (Arabic style)
  Allocated   : Allocated memory per single operation (managed only, inclusive, 1KB = 1024B)
  Alloc Ratio : Allocated memory ratio distribution ([Current]/[Baseline])
  1 ns        : 1 Nanosecond (0.000000001 sec)

// * Diagnostic Output - MemoryDiagnoser *


// ***** BenchmarkRunner: End *****
Run time: 00:00:24 (24.9 sec), executed benchmarks: 2

Global total time: 00:00:45 (45.16 sec), executed benchmarks: 2
// * Artifacts cleanup *
Artifacts cleanup is finished
